# batch trapezoid_357 started 2026-07-24 22:47:23
trapz_L15_x03_N21          EXHAUSTED  nodes=2605       warns=0   5.7s
trapz_L15_x05_N25          EXHAUSTED  nodes=3702       warns=0   8.4s
trapz_L15_x06_N27          EXHAUSTED  nodes=6698       warns=0   16.0s
trapz_L15_x07_N29          EXHAUSTED  nodes=2861       warns=0   6.8s
trapz_L15_x08_N31          EXHAUSTED  nodes=10850      warns=0   26.9s
trapz_L15_x09_N33          EXHAUSTED  nodes=12662      warns=0   31.7s
trapz_L15_x10_N35          EXHAUSTED  nodes=12155      warns=0   30.0s
trapz_L15_x11_N37          EXHAUSTED  nodes=22660      warns=0   58.2s
trapz_L15_x12_N39          EXHAUSTED  nodes=24952      warns=0   61.9s
trapz_L15_x13_N41          EXHAUSTED  nodes=28879      warns=0   73.7s
trapz_L15_x14_N43          EXHAUSTED  nodes=40693      warns=0   103.5s
trapz_L15_x15_N45          EXHAUSTED  nodes=48362      warns=0   125.2s
trapz_L15_x16_N47          EXHAUSTED  nodes=57970      warns=0   151.1s
trapz_L15_x17_N49          EXHAUSTED  nodes=68422      warns=0   184.0s
trapz_L15_x18_N51          EXHAUSTED  nodes=82156      warns=0   224.2s
trapz_L15_x19_N53          EXHAUSTED  nodes=97359      warns=0   265.6s
trapz_L15_x20_N55          EXHAUSTED  nodes=111733     warns=0   305.1s
trapz_L15_x21_N57          EXHAUSTED  nodes=135964     warns=0   363.2s
trapz_L15_x22_N59          EXHAUSTED  nodes=148143     warns=0   396.4s
trapz_L15_x23_N61          EXHAUSTED  nodes=180248     warns=0   480.0s
trapz_L15_x24_N63          EXHAUSTED  nodes=197217     warns=0   532.9s
trapz_L15_x25_N65          EXHAUSTED  nodes=225568     warns=0   619.8s
trapz_L15_x26_N67          EXHAUSTED  nodes=264956     warns=0   709.5s
trapz_L15_x27_N69          EXHAUSTED  nodes=276120     warns=0   737.4s
trapz_L15_x28_N71          EXHAUSTED  nodes=336267     warns=0   923.0s
trapz_L15_x29_N73          FOUND      nodes=202291     warns=0   540.1s
trapz_L15_x30_N75          EXHAUSTED  nodes=402092     warns=0   1118.6s
trapz_L15_x31_N77          FOUND      nodes=292167     warns=0   800.8s
trapz_L15_x32_N79          FOUND      nodes=282142     warns=0   768.2s
trapz_L15_x33_N81          EXHAUSTED  nodes=560097     warns=0   1568.9s
trapz_L15_x35_N85          FOUND      nodes=408751     warns=0   1126.2s
trapz_L15_x36_N87          FOUND      nodes=292333     warns=0   813.4s
trapz_L15_x38_N91          FOUND      nodes=567669     warns=0   1510.9s
trapz_L15_x41_N97          FOUND      nodes=292491     warns=0   812.5s
