'PeaceableQueens.upperBoundStatement' depends on axioms: [propext,
 Classical.choice,
 Quot.sound,
 PeaceableQueens.UpperBound.Generated.Even.C527.split_batch_00_ok._native.native_decide.ax_1_1,
 PeaceableQueens.UpperBound.Generated.Even.C527.split_batch_01_ok._native.native_decide.ax_1_1,
 PeaceableQueens.UpperBound.Generated.Even.C527.split_batch_02_ok._native.native_decide.ax_1_1,
 PeaceableQueens.UpperBound.Generated.Even.C527.split_batch_03_ok._native.native_decide.ax_1_1,
 PeaceableQueens.UpperBound.Generated.Even.C527.split_batch_04_ok._native.native_decide.ax_1_1,
 PeaceableQueens.UpperBound.Generated.Even.C527.split_batch_05_ok._native.native_decide.ax_1_1,
 PeaceableQueens.UpperBound.Generated.Even.C527.split_batch_06_ok._native.native_decide.ax_1_1,
 PeaceableQueens.UpperBound.Generated.Even.C527.split_batch_07_ok._native.native_decide.ax_1_1,
 PeaceableQueens.UpperBound.Generated.Even.C527.split_batch_08_ok._native.native_decide.ax_1_1,
 PeaceableQueens.UpperBound.Generated.Even.C527.split_batch_09_ok._native.native_decide.ax_1_1,
 PeaceableQueens.UpperBound.Generated.Even.C527.split_batch_100_ok._native.native_decide.ax_1_1,
 PeaceableQueens.UpperBound.Generated.Even.C527.split_batch_101_ok._native.native_decide.ax_1_1,
 PeaceableQueens.UpperBound.Generated.Even.C527.split_batch_102_ok._native.native_decide.ax_1_1,
 PeaceableQueens.UpperBound.Generated.Even.C527.split_batch_103_ok._native.native_decide.ax_1_1,
 PeaceableQueens.UpperBound.Generated.Even.C527.split_batch_104_ok._native.native_decide.ax_1_1,
 PeaceableQueens.UpperBound.Generated.Even.C527.split_batch_105_ok._native.native_decide.ax_1_1,
 PeaceableQueens.UpperBound.Generated.Even.C527.split_batch_106_ok._native.native_decide.ax_1_1,
 PeaceableQueens.UpperBound.Generated.Even.C527.split_batch_107_ok._native.native_decide.ax_1_1,
 PeaceableQueens.UpperBound.Generated.Even.C527.split_batch_108_ok._native.native_decide.ax_1_1,
 PeaceableQueens.UpperBound.Generated.Even.C527.split_batch_109_ok._native.native_decide.ax_1_1,
 PeaceableQueens.UpperBound.Generated.Even.C527.split_batch_10_ok._native.native_decide.ax_1_1,
 PeaceableQueens.UpperBound.Generated.Even.C527.split_batch_110_ok._native.native_decide.ax_1_1,
 PeaceableQueens.UpperBound.Generated.Even.C527.split_batch_111_ok._native.native_decide.ax_1_1,
 PeaceableQueens.UpperBound.Generated.Even.C527.split_batch_112_ok._native.native_decide.ax_1_1,
 PeaceableQueens.UpperBound.Generated.Even.C527.split_batch_113_ok._native.native_decide.ax_1_1,
 PeaceableQueens.UpperBound.Generated.Even.C527.split_batch_114_ok._native.native_decide.ax_1_1,
 PeaceableQueens.UpperBound.Generated.Even.C527.split_batch_115_ok._native.native_decide.ax_1_1,
 PeaceableQueens.UpperBound.Generated.Even.C527.split_batch_116_ok._native.native_decide.ax_1_1,
 PeaceableQueens.UpperBound.Generated.Even.C527.split_batch_117_ok._native.native_decide.ax_1_1,
 PeaceableQueens.UpperBound.Generated.Even.C527.split_batch_118_ok._native.native_decide.ax_1_1,
 PeaceableQueens.UpperBound.Generated.Even.C527.split_batch_119_ok._native.native_decide.ax_1_1,
 PeaceableQueens.UpperBound.Generated.Even.C527.split_batch_11_ok._native.native_decide.ax_1_1,
 PeaceableQueens.UpperBound.Generated.Even.C527.split_batch_120_ok._native.native_decide.ax_1_1,
 PeaceableQueens.UpperBound.Generated.Even.C527.split_batch_121_ok._native.native_decide.ax_1_1,
 PeaceableQueens.UpperBound.Generated.Even.C527.split_batch_122_ok._native.native_decide.ax_1_1,
 PeaceableQueens.UpperBound.Generated.Even.C527.split_batch_123_ok._native.native_decide.ax_1_1,
 PeaceableQueens.UpperBound.Generated.Even.C527.split_batch_124_ok._native.native_decide.ax_1_1,
 PeaceableQueens.UpperBound.Generated.Even.C527.split_batch_125_ok._native.native_decide.ax_1_1,
 PeaceableQueens.UpperBound.Generated.Even.C527.split_batch_126_ok._native.native_decide.ax_1_1,
 PeaceableQueens.UpperBound.Generated.Even.C527.split_batch_127_ok._native.native_decide.ax_1_1,
 PeaceableQueens.UpperBound.Generated.Even.C527.split_batch_128_ok._native.native_decide.ax_1_1,
 PeaceableQueens.UpperBound.Generated.Even.C527.split_batch_129_ok._native.native_decide.ax_1_1,
 PeaceableQueens.UpperBound.Generated.Even.C527.split_batch_12_ok._native.native_decide.ax_1_1,
 PeaceableQueens.UpperBound.Generated.Even.C527.split_batch_130_ok._native.native_decide.ax_1_1,
 PeaceableQueens.UpperBound.Generated.Even.C527.split_batch_131_ok._native.native_decide.ax_1_1,
 PeaceableQueens.UpperBound.Generated.Even.C527.split_batch_132_ok._native.native_decide.ax_1_1,
 PeaceableQueens.UpperBound.Generated.Even.C527.split_batch_133_ok._native.native_decide.ax_1_1,
 PeaceableQueens.UpperBound.Generated.Even.C527.split_batch_134_ok._native.native_decide.ax_1_1,
 PeaceableQueens.UpperBound.Generated.Even.C527.split_batch_135_ok._native.native_decide.ax_1_1,
 PeaceableQueens.UpperBound.Generated.Even.C527.split_batch_136_ok._native.native_decide.ax_1_1,
 PeaceableQueens.UpperBound.Generated.Even.C527.split_batch_137_ok._native.native_decide.ax_1_1,
 PeaceableQueens.UpperBound.Generated.Even.C527.split_batch_138_ok._native.native_decide.ax_1_1,
 PeaceableQueens.UpperBound.Generated.Even.C527.split_batch_13_ok._native.native_decide.ax_1_1,
 PeaceableQueens.UpperBound.Generated.Even.C527.split_batch_14_ok._native.native_decide.ax_1_1,
 PeaceableQueens.UpperBound.Generated.Even.C527.split_batch_15_ok._native.native_decide.ax_1_1,
 PeaceableQueens.UpperBound.Generated.Even.C527.split_batch_16_ok._native.native_decide.ax_1_1,
 PeaceableQueens.UpperBound.Generated.Even.C527.split_batch_17_ok._native.native_decide.ax_1_1,
 PeaceableQueens.UpperBound.Generated.Even.C527.split_batch_18_ok._native.native_decide.ax_1_1,
 PeaceableQueens.UpperBound.Generated.Even.C527.split_batch_19_ok._native.native_decide.ax_1_1,
 PeaceableQueens.UpperBound.Generated.Even.C527.split_batch_20_ok._native.native_decide.ax_1_1,
 PeaceableQueens.UpperBound.Generated.Even.C527.split_batch_21_ok._native.native_decide.ax_1_1,
 PeaceableQueens.UpperBound.Generated.Even.C527.split_batch_22_ok._native.native_decide.ax_1_1,
 PeaceableQueens.UpperBound.Generated.Even.C527.split_batch_23_ok._native.native_decide.ax_1_1,
 PeaceableQueens.UpperBound.Generated.Even.C527.split_batch_24_ok._native.native_decide.ax_1_1,
 PeaceableQueens.UpperBound.Generated.Even.C527.split_batch_25_ok._native.native_decide.ax_1_1,
 PeaceableQueens.UpperBound.Generated.Even.C527.split_batch_26_ok._native.native_decide.ax_1_1,
 PeaceableQueens.UpperBound.Generated.Even.C527.split_batch_27_ok._native.native_decide.ax_1_1,
 PeaceableQueens.UpperBound.Generated.Even.C527.split_batch_28_ok._native.native_decide.ax_1_1,
 PeaceableQueens.UpperBound.Generated.Even.C527.split_batch_29_ok._native.native_decide.ax_1_1,
 PeaceableQueens.UpperBound.Generated.Even.C527.split_batch_30_ok._native.native_decide.ax_1_1,
 PeaceableQueens.UpperBound.Generated.Even.C527.split_batch_31_ok._native.native_decide.ax_1_1,
 PeaceableQueens.UpperBound.Generated.Even.C527.split_batch_32_ok._native.native_decide.ax_1_1,
 PeaceableQueens.UpperBound.Generated.Even.C527.split_batch_33_ok._native.native_decide.ax_1_1,
 PeaceableQueens.UpperBound.Generated.Even.C527.split_batch_34_ok._native.native_decide.ax_1_1,
 PeaceableQueens.UpperBound.Generated.Even.C527.split_batch_35_ok._native.native_decide.ax_1_1,
 PeaceableQueens.UpperBound.Generated.Even.C527.split_batch_36_ok._native.native_decide.ax_1_1,
 PeaceableQueens.UpperBound.Generated.Even.C527.split_batch_37_ok._native.native_decide.ax_1_1,
 PeaceableQueens.UpperBound.Generated.Even.C527.split_batch_38_ok._native.native_decide.ax_1_1,
 PeaceableQueens.UpperBound.Generated.Even.C527.split_batch_39_ok._native.native_decide.ax_1_1,
 PeaceableQueens.UpperBound.Generated.Even.C527.split_batch_40_ok._native.native_decide.ax_1_1,
 PeaceableQueens.UpperBound.Generated.Even.C527.split_batch_41_ok._native.native_decide.ax_1_1,
 PeaceableQueens.UpperBound.Generated.Even.C527.split_batch_42_ok._native.native_decide.ax_1_1,
 PeaceableQueens.UpperBound.Generated.Even.C527.split_batch_43_ok._native.native_decide.ax_1_1,
 PeaceableQueens.UpperBound.Generated.Even.C527.split_batch_44_ok._native.native_decide.ax_1_1,
 PeaceableQueens.UpperBound.Generated.Even.C527.split_batch_45_ok._native.native_decide.ax_1_1,
 PeaceableQueens.UpperBound.Generated.Even.C527.split_batch_46_ok._native.native_decide.ax_1_1,
 PeaceableQueens.UpperBound.Generated.Even.C527.split_batch_47_ok._native.native_decide.ax_1_1,
 PeaceableQueens.UpperBound.Generated.Even.C527.split_batch_48_ok._native.native_decide.ax_1_1,
 PeaceableQueens.UpperBound.Generated.Even.C527.split_batch_49_ok._native.native_decide.ax_1_1,
 PeaceableQueens.UpperBound.Generated.Even.C527.split_batch_50_ok._native.native_decide.ax_1_1,
 PeaceableQueens.UpperBound.Generated.Even.C527.split_batch_51_ok._native.native_decide.ax_1_1,
 PeaceableQueens.UpperBound.Generated.Even.C527.split_batch_52_ok._native.native_decide.ax_1_1,
 PeaceableQueens.UpperBound.Generated.Even.C527.split_batch_53_ok._native.native_decide.ax_1_1,
 PeaceableQueens.UpperBound.Generated.Even.C527.split_batch_54_ok._native.native_decide.ax_1_1,
 PeaceableQueens.UpperBound.Generated.Even.C527.split_batch_55_ok._native.native_decide.ax_1_1,
 PeaceableQueens.UpperBound.Generated.Even.C527.split_batch_56_ok._native.native_decide.ax_1_1,
 PeaceableQueens.UpperBound.Generated.Even.C527.split_batch_57_ok._native.native_decide.ax_1_1,
 PeaceableQueens.UpperBound.Generated.Even.C527.split_batch_58_ok._native.native_decide.ax_1_1,
 PeaceableQueens.UpperBound.Generated.Even.C527.split_batch_59_ok._native.native_decide.ax_1_1,
 PeaceableQueens.UpperBound.Generated.Even.C527.split_batch_60_ok._native.native_decide.ax_1_1,
 PeaceableQueens.UpperBound.Generated.Even.C527.split_batch_61_ok._native.native_decide.ax_1_1,
 PeaceableQueens.UpperBound.Generated.Even.C527.split_batch_62_ok._native.native_decide.ax_1_1,
 PeaceableQueens.UpperBound.Generated.Even.C527.split_batch_63_ok._native.native_decide.ax_1_1,
 PeaceableQueens.UpperBound.Generated.Even.C527.split_batch_64_ok._native.native_decide.ax_1_1,
 PeaceableQueens.UpperBound.Generated.Even.C527.split_batch_65_ok._native.native_decide.ax_1_1,
 PeaceableQueens.UpperBound.Generated.Even.C527.split_batch_66_ok._native.native_decide.ax_1_1,
 PeaceableQueens.UpperBound.Generated.Even.C527.split_batch_67_ok._native.native_decide.ax_1_1,
 PeaceableQueens.UpperBound.Generated.Even.C527.split_batch_68_ok._native.native_decide.ax_1_1,
 PeaceableQueens.UpperBound.Generated.Even.C527.split_batch_69_ok._native.native_decide.ax_1_1,
 PeaceableQueens.UpperBound.Generated.Even.C527.split_batch_70_ok._native.native_decide.ax_1_1,
 PeaceableQueens.UpperBound.Generated.Even.C527.split_batch_71_ok._native.native_decide.ax_1_1,
 PeaceableQueens.UpperBound.Generated.Even.C527.split_batch_72_ok._native.native_decide.ax_1_1,
 PeaceableQueens.UpperBound.Generated.Even.C527.split_batch_73_ok._native.native_decide.ax_1_1,
 PeaceableQueens.UpperBound.Generated.Even.C527.split_batch_74_ok._native.native_decide.ax_1_1,
 PeaceableQueens.UpperBound.Generated.Even.C527.split_batch_75_ok._native.native_decide.ax_1_1,
 PeaceableQueens.UpperBound.Generated.Even.C527.split_batch_76_ok._native.native_decide.ax_1_1,
 PeaceableQueens.UpperBound.Generated.Even.C527.split_batch_77_ok._native.native_decide.ax_1_1,
 PeaceableQueens.UpperBound.Generated.Even.C527.split_batch_78_ok._native.native_decide.ax_1_1,
 PeaceableQueens.UpperBound.Generated.Even.C527.split_batch_79_ok._native.native_decide.ax_1_1,
 PeaceableQueens.UpperBound.Generated.Even.C527.split_batch_80_ok._native.native_decide.ax_1_1,
 PeaceableQueens.UpperBound.Generated.Even.C527.split_batch_81_ok._native.native_decide.ax_1_1,
 PeaceableQueens.UpperBound.Generated.Even.C527.split_batch_82_ok._native.native_decide.ax_1_1,
 PeaceableQueens.UpperBound.Generated.Even.C527.split_batch_83_ok._native.native_decide.ax_1_1,
 PeaceableQueens.UpperBound.Generated.Even.C527.split_batch_84_ok._native.native_decide.ax_1_1,
 PeaceableQueens.UpperBound.Generated.Even.C527.split_batch_85_ok._native.native_decide.ax_1_1,
 PeaceableQueens.UpperBound.Generated.Even.C527.split_batch_86_ok._native.native_decide.ax_1_1,
 PeaceableQueens.UpperBound.Generated.Even.C527.split_batch_87_ok._native.native_decide.ax_1_1,
 PeaceableQueens.UpperBound.Generated.Even.C527.split_batch_88_ok._native.native_decide.ax_1_1,
 PeaceableQueens.UpperBound.Generated.Even.C527.split_batch_89_ok._native.native_decide.ax_1_1,
 PeaceableQueens.UpperBound.Generated.Even.C527.split_batch_90_ok._native.native_decide.ax_1_1,
 PeaceableQueens.UpperBound.Generated.Even.C527.split_batch_91_ok._native.native_decide.ax_1_1,
 PeaceableQueens.UpperBound.Generated.Even.C527.split_batch_92_ok._native.native_decide.ax_1_1,
 PeaceableQueens.UpperBound.Generated.Even.C527.split_batch_93_ok._native.native_decide.ax_1_1,
 PeaceableQueens.UpperBound.Generated.Even.C527.split_batch_94_ok._native.native_decide.ax_1_1,
 PeaceableQueens.UpperBound.Generated.Even.C527.split_batch_95_ok._native.native_decide.ax_1_1,
 PeaceableQueens.UpperBound.Generated.Even.C527.split_batch_96_ok._native.native_decide.ax_1_1,
 PeaceableQueens.UpperBound.Generated.Even.C527.split_batch_97_ok._native.native_decide.ax_1_1,
 PeaceableQueens.UpperBound.Generated.Even.C527.split_batch_98_ok._native.native_decide.ax_1_1,
 PeaceableQueens.UpperBound.Generated.Even.C527.split_batch_99_ok._native.native_decide.ax_1_1,
 PeaceableQueens.UpperBound.Generated.Even.C527.terminal_batch_03_ok._native.native_decide.ax_1_1,
 PeaceableQueens.UpperBound.Generated.Even.C527.terminal_batch_07_ok._native.native_decide.ax_1_1,
 PeaceableQueens.UpperBound.Generated.Even.C527.terminal_batch_10_ok._native.native_decide.ax_1_1,
 PeaceableQueens.UpperBound.Generated.Even.C527.terminal_batch_114_ok._native.native_decide.ax_1_1,
 PeaceableQueens.UpperBound.Generated.Even.C527.terminal_batch_117_ok._native.native_decide.ax_1_1,
 PeaceableQueens.UpperBound.Generated.Even.C527.terminal_batch_118_ok._native.native_decide.ax_1_1,
 PeaceableQueens.UpperBound.Generated.Even.C527.terminal_batch_120_ok._native.native_decide.ax_1_1,
 PeaceableQueens.UpperBound.Generated.Even.C527.terminal_batch_121_ok._native.native_decide.ax_1_1,
 PeaceableQueens.UpperBound.Generated.Even.C527.terminal_batch_122_ok._native.native_decide.ax_1_1,
 PeaceableQueens.UpperBound.Generated.Even.C527.terminal_batch_124_ok._native.native_decide.ax_1_1,
 PeaceableQueens.UpperBound.Generated.Even.C527.terminal_batch_125_ok._native.native_decide.ax_1_1,
 PeaceableQueens.UpperBound.Generated.Even.C527.terminal_batch_126_ok._native.native_decide.ax_1_1,
 PeaceableQueens.UpperBound.Generated.Even.C527.terminal_batch_127_ok._native.native_decide.ax_1_1,
 PeaceableQueens.UpperBound.Generated.Even.C527.terminal_batch_128_ok._native.native_decide.ax_1_1,
 PeaceableQueens.UpperBound.Generated.Even.C527.terminal_batch_129_ok._native.native_decide.ax_1_1,
 PeaceableQueens.UpperBound.Generated.Even.C527.terminal_batch_130_ok._native.native_decide.ax_1_1,
 PeaceableQueens.UpperBound.Generated.Even.C527.terminal_batch_131_ok._native.native_decide.ax_1_1,
 PeaceableQueens.UpperBound.Generated.Even.C527.terminal_batch_134_ok._native.native_decide.ax_1_1,
 PeaceableQueens.UpperBound.Generated.Even.C527.terminal_batch_137_ok._native.native_decide.ax_1_1,
 PeaceableQueens.UpperBound.Generated.Even.C527.terminal_batch_138_ok._native.native_decide.ax_1_1,
 PeaceableQueens.UpperBound.Generated.Even.C527.terminal_batch_13_ok._native.native_decide.ax_1_1,
 PeaceableQueens.UpperBound.Generated.Even.C527.terminal_batch_17_ok._native.native_decide.ax_1_1,
 PeaceableQueens.UpperBound.Generated.Even.C527.terminal_batch_18_ok._native.native_decide.ax_1_1,
 PeaceableQueens.UpperBound.Generated.Even.C527.terminal_batch_19_ok._native.native_decide.ax_1_1,
 PeaceableQueens.UpperBound.Generated.Even.C527.terminal_batch_32_ok._native.native_decide.ax_1_1,
 PeaceableQueens.UpperBound.Generated.Even.C527.terminal_batch_33_ok._native.native_decide.ax_1_1,
 PeaceableQueens.UpperBound.Generated.Even.C527.terminal_batch_34_ok._native.native_decide.ax_1_1,
 PeaceableQueens.UpperBound.Generated.Even.C527.terminal_batch_40_ok._native.native_decide.ax_1_1,
 PeaceableQueens.UpperBound.Generated.Even.C527.terminal_batch_51_ok._native.native_decide.ax_1_1,
 PeaceableQueens.UpperBound.Generated.Even.C527.terminal_batch_72_ok._native.native_decide.ax_1_1,
 PeaceableQueens.UpperBound.Generated.Even.C527.terminal_batch_73_ok._native.native_decide.ax_1_1,
 PeaceableQueens.UpperBound.Generated.Even.C527.terminal_batch_74_ok._native.native_decide.ax_1_1,
 PeaceableQueens.UpperBound.Generated.Even.C527.terminal_batch_75_ok._native.native_decide.ax_1_1,
 PeaceableQueens.UpperBound.Generated.Even.C527.terminal_batch_77_ok._native.native_decide.ax_1_1,
 PeaceableQueens.UpperBound.Generated.Even.C527.terminal_batch_78_ok._native.native_decide.ax_1_1,
 PeaceableQueens.UpperBound.Generated.Even.C527.terminal_batch_80_ok._native.native_decide.ax_1_1,
 PeaceableQueens.UpperBound.Generated.Even.C527.terminal_batch_81_ok._native.native_decide.ax_1_1,
 PeaceableQueens.UpperBound.Generated.Even.C527.terminal_batch_89_ok._native.native_decide.ax_1_1,
 PeaceableQueens.UpperBound.Generated.Even.C527.terminal_batch_96_ok._native.native_decide.ax_1_1,
 PeaceableQueens.UpperBound.Generated.Even.Core.split_batch_00_ok._native.native_decide.ax_1_1,
 PeaceableQueens.UpperBound.Generated.Even.Core.split_batch_01_ok._native.native_decide.ax_1_1,
 PeaceableQueens.UpperBound.Generated.Even.Core.split_batch_02_ok._native.native_decide.ax_1_1,
 PeaceableQueens.UpperBound.Generated.Even.Core.split_batch_03_ok._native.native_decide.ax_1_1,
 PeaceableQueens.UpperBound.Generated.Even.Core.split_batch_04_ok._native.native_decide.ax_1_1,
 PeaceableQueens.UpperBound.Generated.Even.Core.split_batch_05_ok._native.native_decide.ax_1_1,
 PeaceableQueens.UpperBound.Generated.Even.Core.split_batch_06_ok._native.native_decide.ax_1_1,
 PeaceableQueens.UpperBound.Generated.Even.Core.split_batch_07_ok._native.native_decide.ax_1_1,
 PeaceableQueens.UpperBound.Generated.Even.Core.split_batch_08_ok._native.native_decide.ax_1_1,
 PeaceableQueens.UpperBound.Generated.Even.Core.split_batch_09_ok._native.native_decide.ax_1_1,
 PeaceableQueens.UpperBound.Generated.Even.Core.split_batch_10_ok._native.native_decide.ax_1_1,
 PeaceableQueens.UpperBound.Generated.Even.Core.split_batch_11_ok._native.native_decide.ax_1_1,
 PeaceableQueens.UpperBound.Generated.Even.Core.split_batch_12_ok._native.native_decide.ax_1_1,
 PeaceableQueens.UpperBound.Generated.Even.Core.split_batch_13_ok._native.native_decide.ax_1_1,
 PeaceableQueens.UpperBound.Generated.Even.Core.split_batch_14_ok._native.native_decide.ax_1_1,
 PeaceableQueens.UpperBound.Generated.Even.Core.split_batch_15_ok._native.native_decide.ax_1_1,
 PeaceableQueens.UpperBound.Generated.Even.Core.split_batch_16_ok._native.native_decide.ax_1_1,
 PeaceableQueens.UpperBound.Generated.Even.Core.split_batch_17_ok._native.native_decide.ax_1_1,
 PeaceableQueens.UpperBound.Generated.Even.Core.split_batch_18_ok._native.native_decide.ax_1_1,
 PeaceableQueens.UpperBound.Generated.Even.Core.split_batch_19_ok._native.native_decide.ax_1_1,
 PeaceableQueens.UpperBound.Generated.Even.Core.split_batch_20_ok._native.native_decide.ax_1_1,
 PeaceableQueens.UpperBound.Generated.Even.Core.split_batch_21_ok._native.native_decide.ax_1_1,
 PeaceableQueens.UpperBound.Generated.Even.Core.split_batch_22_ok._native.native_decide.ax_1_1,
 PeaceableQueens.UpperBound.Generated.Even.Core.split_batch_23_ok._native.native_decide.ax_1_1,
 PeaceableQueens.UpperBound.Generated.Even.Core.split_batch_24_ok._native.native_decide.ax_1_1,
 PeaceableQueens.UpperBound.Generated.Even.Core.split_batch_25_ok._native.native_decide.ax_1_1,
 PeaceableQueens.UpperBound.Generated.Even.Core.split_batch_26_ok._native.native_decide.ax_1_1,
 PeaceableQueens.UpperBound.Generated.Even.Core.split_batch_27_ok._native.native_decide.ax_1_1,
 PeaceableQueens.UpperBound.Generated.Even.Core.split_batch_28_ok._native.native_decide.ax_1_1,
 PeaceableQueens.UpperBound.Generated.Even.Core.split_batch_29_ok._native.native_decide.ax_1_1,
 PeaceableQueens.UpperBound.Generated.Even.Core.split_batch_30_ok._native.native_decide.ax_1_1,
 PeaceableQueens.UpperBound.Generated.Even.Core.split_batch_31_ok._native.native_decide.ax_1_1,
 PeaceableQueens.UpperBound.Generated.Even.Core.split_batch_32_ok._native.native_decide.ax_1_1,
 PeaceableQueens.UpperBound.Generated.Even.Core.split_batch_33_ok._native.native_decide.ax_1_1,
 PeaceableQueens.UpperBound.Generated.Even.Core.split_batch_34_ok._native.native_decide.ax_1_1,
 PeaceableQueens.UpperBound.Generated.Even.Core.split_batch_35_ok._native.native_decide.ax_1_1,
 PeaceableQueens.UpperBound.Generated.Even.Core.split_batch_36_ok._native.native_decide.ax_1_1,
 PeaceableQueens.UpperBound.Generated.Even.Core.split_batch_37_ok._native.native_decide.ax_1_1,
 PeaceableQueens.UpperBound.Generated.Even.Core.split_batch_38_ok._native.native_decide.ax_1_1,
 PeaceableQueens.UpperBound.Generated.Even.Core.split_batch_39_ok._native.native_decide.ax_1_1,
 PeaceableQueens.UpperBound.Generated.Even.Core.split_batch_40_ok._native.native_decide.ax_1_1,
 PeaceableQueens.UpperBound.Generated.Even.Core.split_batch_41_ok._native.native_decide.ax_1_1,
 PeaceableQueens.UpperBound.Generated.Even.Core.split_batch_42_ok._native.native_decide.ax_1_1,
 PeaceableQueens.UpperBound.Generated.Even.Core.split_batch_43_ok._native.native_decide.ax_1_1,
 PeaceableQueens.UpperBound.Generated.Even.Core.split_batch_44_ok._native.native_decide.ax_1_1,
 PeaceableQueens.UpperBound.Generated.Even.Core.split_batch_45_ok._native.native_decide.ax_1_1,
 PeaceableQueens.UpperBound.Generated.Even.Core.split_batch_46_ok._native.native_decide.ax_1_1,
 PeaceableQueens.UpperBound.Generated.Even.Core.split_batch_47_ok._native.native_decide.ax_1_1,
 PeaceableQueens.UpperBound.Generated.Even.Core.split_batch_48_ok._native.native_decide.ax_1_1,
 PeaceableQueens.UpperBound.Generated.Even.Core.split_batch_49_ok._native.native_decide.ax_1_1,
 PeaceableQueens.UpperBound.Generated.Even.Core.split_batch_50_ok._native.native_decide.ax_1_1,
 PeaceableQueens.UpperBound.Generated.Even.Core.split_batch_51_ok._native.native_decide.ax_1_1,
 PeaceableQueens.UpperBound.Generated.Even.Core.split_batch_52_ok._native.native_decide.ax_1_1,
 PeaceableQueens.UpperBound.Generated.Even.Core.split_batch_53_ok._native.native_decide.ax_1_1,
 PeaceableQueens.UpperBound.Generated.Even.Core.split_batch_54_ok._native.native_decide.ax_1_1,
 PeaceableQueens.UpperBound.Generated.Even.Core.split_batch_55_ok._native.native_decide.ax_1_1,
 PeaceableQueens.UpperBound.Generated.Even.Core.split_batch_56_ok._native.native_decide.ax_1_1,
 PeaceableQueens.UpperBound.Generated.Even.Core.split_batch_57_ok._native.native_decide.ax_1_1,
 PeaceableQueens.UpperBound.Generated.Even.Core.split_batch_58_ok._native.native_decide.ax_1_1,
 PeaceableQueens.UpperBound.Generated.Even.Core.split_batch_59_ok._native.native_decide.ax_1_1,
 PeaceableQueens.UpperBound.Generated.Even.Core.split_batch_60_ok._native.native_decide.ax_1_1,
 PeaceableQueens.UpperBound.Generated.Even.Core.split_batch_61_ok._native.native_decide.ax_1_1,
 PeaceableQueens.UpperBound.Generated.Even.Core.split_batch_62_ok._native.native_decide.ax_1_1,
 PeaceableQueens.UpperBound.Generated.Even.Core.split_batch_63_ok._native.native_decide.ax_1_1,
 PeaceableQueens.UpperBound.Generated.Even.Core.split_batch_64_ok._native.native_decide.ax_1_1,
 PeaceableQueens.UpperBound.Generated.Even.Core.split_batch_65_ok._native.native_decide.ax_1_1,
 PeaceableQueens.UpperBound.Generated.Even.Core.split_batch_66_ok._native.native_decide.ax_1_1,
 PeaceableQueens.UpperBound.Generated.Even.Core.split_batch_67_ok._native.native_decide.ax_1_1,
 PeaceableQueens.UpperBound.Generated.Even.Core.split_batch_68_ok._native.native_decide.ax_1_1,
 PeaceableQueens.UpperBound.Generated.Even.Core.split_batch_69_ok._native.native_decide.ax_1_1,
 PeaceableQueens.UpperBound.Generated.Even.Core.split_batch_70_ok._native.native_decide.ax_1_1,
 PeaceableQueens.UpperBound.Generated.Even.Core.split_batch_71_ok._native.native_decide.ax_1_1,
 PeaceableQueens.UpperBound.Generated.Even.Core.split_batch_72_ok._native.native_decide.ax_1_1,
 PeaceableQueens.UpperBound.Generated.Even.Core.split_batch_73_ok._native.native_decide.ax_1_1,
 PeaceableQueens.UpperBound.Generated.Even.Core.split_batch_74_ok._native.native_decide.ax_1_1,
 PeaceableQueens.UpperBound.Generated.Even.Core.split_batch_75_ok._native.native_decide.ax_1_1,
 PeaceableQueens.UpperBound.Generated.Even.Core.split_batch_76_ok._native.native_decide.ax_1_1,
 PeaceableQueens.UpperBound.Generated.Even.Core.split_batch_77_ok._native.native_decide.ax_1_1,
 PeaceableQueens.UpperBound.Generated.Even.Core.split_batch_78_ok._native.native_decide.ax_1_1,
 PeaceableQueens.UpperBound.Generated.Even.Core.split_batch_79_ok._native.native_decide.ax_1_1,
 PeaceableQueens.UpperBound.Generated.Even.Core.split_batch_80_ok._native.native_decide.ax_1_1,
 PeaceableQueens.UpperBound.Generated.Even.Core.split_batch_81_ok._native.native_decide.ax_1_1,
 PeaceableQueens.UpperBound.Generated.Even.Core.split_batch_82_ok._native.native_decide.ax_1_1,
 PeaceableQueens.UpperBound.Generated.Even.Core.split_batch_83_ok._native.native_decide.ax_1_1,
 PeaceableQueens.UpperBound.Generated.Even.Core.split_batch_84_ok._native.native_decide.ax_1_1,
 PeaceableQueens.UpperBound.Generated.Even.Core.split_batch_85_ok._native.native_decide.ax_1_1,
 PeaceableQueens.UpperBound.Generated.Even.Core.split_batch_86_ok._native.native_decide.ax_1_1,
 PeaceableQueens.UpperBound.Generated.Even.Core.split_batch_87_ok._native.native_decide.ax_1_1,
 PeaceableQueens.UpperBound.Generated.Even.Core.split_batch_88_ok._native.native_decide.ax_1_1,
 PeaceableQueens.UpperBound.Generated.Even.Core.terminal_batch_00_ok._native.native_decide.ax_1_1,
 PeaceableQueens.UpperBound.Generated.Even.Core.terminal_batch_01_ok._native.native_decide.ax_1_1,
 PeaceableQueens.UpperBound.Generated.Even.Core.terminal_batch_02_ok._native.native_decide.ax_1_1,
 PeaceableQueens.UpperBound.Generated.Even.Core.terminal_batch_03_ok._native.native_decide.ax_1_1,
 PeaceableQueens.UpperBound.Generated.Even.Core.terminal_batch_04_ok._native.native_decide.ax_1_1,
 PeaceableQueens.UpperBound.Generated.Even.Core.terminal_batch_05_ok._native.native_decide.ax_1_1,
 PeaceableQueens.UpperBound.Generated.Even.Core.terminal_batch_06_ok._native.native_decide.ax_1_1,
 PeaceableQueens.UpperBound.Generated.Even.Core.terminal_batch_07_ok._native.native_decide.ax_1_1,
 PeaceableQueens.UpperBound.Generated.Even.Core.terminal_batch_08_ok._native.native_decide.ax_1_1,
 PeaceableQueens.UpperBound.Generated.Even.Core.terminal_batch_09_ok._native.native_decide.ax_1_1,
 PeaceableQueens.UpperBound.Generated.Even.Core.terminal_batch_10_ok._native.native_decide.ax_1_1,
 PeaceableQueens.UpperBound.Generated.Even.Core.terminal_batch_11_ok._native.native_decide.ax_1_1,
 PeaceableQueens.UpperBound.Generated.Even.Core.terminal_batch_12_ok._native.native_decide.ax_1_1,
 PeaceableQueens.UpperBound.Generated.Even.Core.terminal_batch_13_ok._native.native_decide.ax_1_1,
 PeaceableQueens.UpperBound.Generated.Even.Core.terminal_batch_14_ok._native.native_decide.ax_1_1,
 PeaceableQueens.UpperBound.Generated.Even.Core.terminal_batch_15_ok._native.native_decide.ax_1_1,
 PeaceableQueens.UpperBound.Generated.Even.Core.terminal_batch_16_ok._native.native_decide.ax_1_1,
 PeaceableQueens.UpperBound.Generated.Even.Core.terminal_batch_17_ok._native.native_decide.ax_1_1,
 PeaceableQueens.UpperBound.Generated.Even.Core.terminal_batch_18_ok._native.native_decide.ax_1_1,
 PeaceableQueens.UpperBound.Generated.Even.Core.terminal_batch_19_ok._native.native_decide.ax_1_1,
 PeaceableQueens.UpperBound.Generated.Even.Core.terminal_batch_20_ok._native.native_decide.ax_1_1,
 PeaceableQueens.UpperBound.Generated.Even.Core.terminal_batch_21_ok._native.native_decide.ax_1_1,
 PeaceableQueens.UpperBound.Generated.Even.Core.terminal_batch_22_ok._native.native_decide.ax_1_1,
 PeaceableQueens.UpperBound.Generated.Even.Core.terminal_batch_23_ok._native.native_decide.ax_1_1,
 PeaceableQueens.UpperBound.Generated.Even.Core.terminal_batch_24_ok._native.native_decide.ax_1_1,
 PeaceableQueens.UpperBound.Generated.Even.Core.terminal_batch_25_ok._native.native_decide.ax_1_1,
 PeaceableQueens.UpperBound.Generated.Even.Core.terminal_batch_26_ok._native.native_decide.ax_1_1,
 PeaceableQueens.UpperBound.Generated.Even.Core.terminal_batch_27_ok._native.native_decide.ax_1_1,
 PeaceableQueens.UpperBound.Generated.Even.Core.terminal_batch_28_ok._native.native_decide.ax_1_1,
 PeaceableQueens.UpperBound.Generated.Even.Core.terminal_batch_29_ok._native.native_decide.ax_1_1,
 PeaceableQueens.UpperBound.Generated.Even.Core.terminal_batch_30_ok._native.native_decide.ax_1_1,
 PeaceableQueens.UpperBound.Generated.Even.Core.terminal_batch_31_ok._native.native_decide.ax_1_1,
 PeaceableQueens.UpperBound.Generated.Even.Core.terminal_batch_32_ok._native.native_decide.ax_1_1,
 PeaceableQueens.UpperBound.Generated.Even.Core.terminal_batch_33_ok._native.native_decide.ax_1_1,
 PeaceableQueens.UpperBound.Generated.Even.Core.terminal_batch_34_ok._native.native_decide.ax_1_1,
 PeaceableQueens.UpperBound.Generated.Even.Core.terminal_batch_35_ok._native.native_decide.ax_1_1,
 PeaceableQueens.UpperBound.Generated.Even.Core.terminal_batch_36_ok._native.native_decide.ax_1_1,
 PeaceableQueens.UpperBound.Generated.Even.Core.terminal_batch_37_ok._native.native_decide.ax_1_1,
 PeaceableQueens.UpperBound.Generated.Even.Core.terminal_batch_38_ok._native.native_decide.ax_1_1,
 PeaceableQueens.UpperBound.Generated.Even.Core.terminal_batch_39_ok._native.native_decide.ax_1_1,
 PeaceableQueens.UpperBound.Generated.Even.Core.terminal_batch_40_ok._native.native_decide.ax_1_1,
 PeaceableQueens.UpperBound.Generated.Even.Core.terminal_batch_41_ok._native.native_decide.ax_1_1,
 PeaceableQueens.UpperBound.Generated.Even.Core.terminal_batch_42_ok._native.native_decide.ax_1_1,
 PeaceableQueens.UpperBound.Generated.Even.Core.terminal_batch_43_ok._native.native_decide.ax_1_1,
 PeaceableQueens.UpperBound.Generated.Even.Core.terminal_batch_44_ok._native.native_decide.ax_1_1,
 PeaceableQueens.UpperBound.Generated.Even.Core.terminal_batch_45_ok._native.native_decide.ax_1_1,
 PeaceableQueens.UpperBound.Generated.Even.Core.terminal_batch_46_ok._native.native_decide.ax_1_1,
 PeaceableQueens.UpperBound.Generated.Even.Core.terminal_batch_47_ok._native.native_decide.ax_1_1,
 PeaceableQueens.UpperBound.Generated.Even.Core.terminal_batch_48_ok._native.native_decide.ax_1_1,
 PeaceableQueens.UpperBound.Generated.Even.Core.terminal_batch_49_ok._native.native_decide.ax_1_1,
 PeaceableQueens.UpperBound.Generated.Even.Core.terminal_batch_50_ok._native.native_decide.ax_1_1,
 PeaceableQueens.UpperBound.Generated.Even.Core.terminal_batch_51_ok._native.native_decide.ax_1_1,
 PeaceableQueens.UpperBound.Generated.Even.Core.terminal_batch_52_ok._native.native_decide.ax_1_1,
 PeaceableQueens.UpperBound.Generated.Even.Core.terminal_batch_53_ok._native.native_decide.ax_1_1,
 PeaceableQueens.UpperBound.Generated.Even.Core.terminal_batch_54_ok._native.native_decide.ax_1_1,
 PeaceableQueens.UpperBound.Generated.Even.Core.terminal_batch_55_ok._native.native_decide.ax_1_1,
 PeaceableQueens.UpperBound.Generated.Even.Core.terminal_batch_56_ok._native.native_decide.ax_1_1,
 PeaceableQueens.UpperBound.Generated.Even.Core.terminal_batch_57_ok._native.native_decide.ax_1_1,
 PeaceableQueens.UpperBound.Generated.Even.Core.terminal_batch_58_ok._native.native_decide.ax_1_1,
 PeaceableQueens.UpperBound.Generated.Even.Core.terminal_batch_59_ok._native.native_decide.ax_1_1,
 PeaceableQueens.UpperBound.Generated.Even.Core.terminal_batch_60_ok._native.native_decide.ax_1_1,
 PeaceableQueens.UpperBound.Generated.Even.Core.terminal_batch_61_ok._native.native_decide.ax_1_1,
 PeaceableQueens.UpperBound.Generated.Even.Core.terminal_batch_62_ok._native.native_decide.ax_1_1,
 PeaceableQueens.UpperBound.Generated.Even.Core.terminal_batch_63_ok._native.native_decide.ax_1_1,
 PeaceableQueens.UpperBound.Generated.Even.Core.terminal_batch_64_ok._native.native_decide.ax_1_1,
 PeaceableQueens.UpperBound.Generated.Even.Core.terminal_batch_65_ok._native.native_decide.ax_1_1,
 PeaceableQueens.UpperBound.Generated.Even.Core.terminal_batch_66_ok._native.native_decide.ax_1_1,
 PeaceableQueens.UpperBound.Generated.Even.Core.terminal_batch_67_ok._native.native_decide.ax_1_1,
 PeaceableQueens.UpperBound.Generated.Even.Core.terminal_batch_68_ok._native.native_decide.ax_1_1,
 PeaceableQueens.UpperBound.Generated.Even.Core.terminal_batch_69_ok._native.native_decide.ax_1_1,
 PeaceableQueens.UpperBound.Generated.Even.Core.terminal_batch_70_ok._native.native_decide.ax_1_1,
 PeaceableQueens.UpperBound.Generated.Even.Core.terminal_batch_71_ok._native.native_decide.ax_1_1,
 PeaceableQueens.UpperBound.Generated.Even.Core.terminal_batch_72_ok._native.native_decide.ax_1_1,
 PeaceableQueens.UpperBound.Generated.Even.Core.terminal_batch_73_ok._native.native_decide.ax_1_1,
 PeaceableQueens.UpperBound.Generated.Even.Core.terminal_batch_74_ok._native.native_decide.ax_1_1,
 PeaceableQueens.UpperBound.Generated.Even.Core.terminal_batch_75_ok._native.native_decide.ax_1_1,
 PeaceableQueens.UpperBound.Generated.Even.Core.terminal_batch_76_ok._native.native_decide.ax_1_1,
 PeaceableQueens.UpperBound.Generated.Even.Core.terminal_batch_77_ok._native.native_decide.ax_1_1,
 PeaceableQueens.UpperBound.Generated.Even.Core.terminal_batch_78_ok._native.native_decide.ax_1_1,
 PeaceableQueens.UpperBound.Generated.Even.Core.terminal_batch_79_ok._native.native_decide.ax_1_1,
 PeaceableQueens.UpperBound.Generated.Even.Core.terminal_batch_80_ok._native.native_decide.ax_1_1,
 PeaceableQueens.UpperBound.Generated.Even.Core.terminal_batch_81_ok._native.native_decide.ax_1_1,
 PeaceableQueens.UpperBound.Generated.Even.Core.terminal_batch_82_ok._native.native_decide.ax_1_1,
 PeaceableQueens.UpperBound.Generated.Even.Core.terminal_batch_83_ok._native.native_decide.ax_1_1,
 PeaceableQueens.UpperBound.Generated.Even.Core.terminal_batch_84_ok._native.native_decide.ax_1_1,
 PeaceableQueens.UpperBound.Generated.Even.Core.terminal_batch_85_ok._native.native_decide.ax_1_1,
 PeaceableQueens.UpperBound.Generated.Even.Core.terminal_batch_86_ok._native.native_decide.ax_1_1,
 PeaceableQueens.UpperBound.Generated.Even.Core.terminal_batch_87_ok._native.native_decide.ax_1_1,
 PeaceableQueens.UpperBound.Generated.Even.Core.terminal_batch_88_ok._native.native_decide.ax_1_1,
 PeaceableQueens.UpperBound.Generated.Finite.Q003.certificate_accepted._native.native_decide.ax_1_1,
 PeaceableQueens.UpperBound.Generated.Finite.Q004.certificate_accepted._native.native_decide.ax_1_1,
 PeaceableQueens.UpperBound.Generated.Finite.Q005.certificate_accepted._native.native_decide.ax_1_1,
 PeaceableQueens.UpperBound.Generated.Finite.Q006.certificate_accepted._native.native_decide.ax_1_1,
 PeaceableQueens.UpperBound.Generated.Finite.Q007.certificate_accepted._native.native_decide.ax_1_1,
 PeaceableQueens.UpperBound.Generated.Finite.Q008.certificate_accepted._native.native_decide.ax_1_1,
 PeaceableQueens.UpperBound.Generated.Finite.Q009.certificate_accepted._native.native_decide.ax_1_1,
 PeaceableQueens.UpperBound.Generated.Finite.Q010.certificate_accepted._native.native_decide.ax_1_1,
 PeaceableQueens.UpperBound.Generated.Finite.Q011.certificate_accepted._native.native_decide.ax_1_1,
 PeaceableQueens.UpperBound.Generated.Finite.Q012.certificate_accepted._native.native_decide.ax_1_1,
 PeaceableQueens.UpperBound.Generated.Finite.Q013.certificate_accepted._native.native_decide.ax_1_1,
 PeaceableQueens.UpperBound.Generated.Finite.Q014.certificate_accepted._native.native_decide.ax_1_1,
 PeaceableQueens.UpperBound.Generated.Finite.Q015.certificate_accepted._native.native_decide.ax_1_1,
 PeaceableQueens.UpperBound.Generated.Finite.Q016.certificate_accepted._native.native_decide.ax_1_1,
 PeaceableQueens.UpperBound.Generated.Finite.Q017.certificate_accepted._native.native_decide.ax_1_1,
 PeaceableQueens.UpperBound.Generated.Finite.Q018.certificate_accepted._native.native_decide.ax_1_1,
 PeaceableQueens.UpperBound.Generated.Finite.Q019.certificate_accepted._native.native_decide.ax_1_1,
 PeaceableQueens.UpperBound.Generated.Finite.Q020.certificate_accepted._native.native_decide.ax_1_1,
 PeaceableQueens.UpperBound.Generated.Finite.Q021.certificate_accepted._native.native_decide.ax_1_1,
 PeaceableQueens.UpperBound.Generated.Finite.Q022.certificate_accepted._native.native_decide.ax_1_1,
 PeaceableQueens.UpperBound.Generated.Finite.Q023.certificate_accepted._native.native_decide.ax_1_1,
 PeaceableQueens.UpperBound.Generated.Finite.Q024.certificate_accepted._native.native_decide.ax_1_1,
 PeaceableQueens.UpperBound.Generated.Finite.Q025.certificate_accepted._native.native_decide.ax_1_1,
 PeaceableQueens.UpperBound.Generated.Finite.Q026.certificate_accepted._native.native_decide.ax_1_1,
 PeaceableQueens.UpperBound.Generated.Finite.Q027.certificate_accepted._native.native_decide.ax_1_1,
 PeaceableQueens.UpperBound.Generated.Finite.Q028.certificate_accepted._native.native_decide.ax_1_1,
 PeaceableQueens.UpperBound.Generated.Finite.Q029.certificate_accepted._native.native_decide.ax_1_1,
 PeaceableQueens.UpperBound.Generated.Finite.Q030.certificate_accepted._native.native_decide.ax_1_1,
 PeaceableQueens.UpperBound.Generated.Finite.Q031.certificate_accepted._native.native_decide.ax_1_1,
 PeaceableQueens.UpperBound.Generated.Finite.Q032.certificate_accepted._native.native_decide.ax_1_1,
 PeaceableQueens.UpperBound.Generated.Finite.Q033.certificate_accepted._native.native_decide.ax_1_1,
 PeaceableQueens.UpperBound.Generated.Finite.Q034.certificate_accepted._native.native_decide.ax_1_1,
 PeaceableQueens.UpperBound.Generated.Finite.Q035.certificate_accepted._native.native_decide.ax_1_1,
 PeaceableQueens.UpperBound.Generated.Finite.Q036.certificate_accepted._native.native_decide.ax_1_1,
 PeaceableQueens.UpperBound.Generated.Finite.Q037.certificate_accepted._native.native_decide.ax_1_1,
 PeaceableQueens.UpperBound.Generated.Finite.Q038.certificate_accepted._native.native_decide.ax_1_1,
 PeaceableQueens.UpperBound.Generated.Finite.Q039.certificate_accepted._native.native_decide.ax_1_1,
 PeaceableQueens.UpperBound.Generated.Finite.Q040.certificate_accepted._native.native_decide.ax_1_1,
 PeaceableQueens.UpperBound.Generated.Finite.Q041.certificate_accepted._native.native_decide.ax_1_1,
 PeaceableQueens.UpperBound.Generated.Finite.Q042.certificate_accepted._native.native_decide.ax_1_1,
 PeaceableQueens.UpperBound.Generated.Finite.Q043.certificate_accepted._native.native_decide.ax_1_1,
 PeaceableQueens.UpperBound.Generated.Finite.Q044.certificate_accepted._native.native_decide.ax_1_1,
 PeaceableQueens.UpperBound.Generated.Finite.Q045.certificate_accepted._native.native_decide.ax_1_1,
 PeaceableQueens.UpperBound.Generated.Finite.Q046.certificate_accepted._native.native_decide.ax_1_1,
 PeaceableQueens.UpperBound.Generated.Finite.Q047.certificate_accepted._native.native_decide.ax_1_1,
 PeaceableQueens.UpperBound.Generated.Finite.Q048.certificate_accepted._native.native_decide.ax_1_1,
 PeaceableQueens.UpperBound.Generated.Finite.Q049.certificate_accepted._native.native_decide.ax_1_1,
 PeaceableQueens.UpperBound.Generated.Finite.Q050.certificate_accepted._native.native_decide.ax_1_1,
 PeaceableQueens.UpperBound.Generated.Finite.Q051.certificate_accepted._native.native_decide.ax_1_1,
 PeaceableQueens.UpperBound.Generated.Finite.Q052.certificate_accepted._native.native_decide.ax_1_1,
 PeaceableQueens.UpperBound.Generated.Finite.Q053.certificate_accepted._native.native_decide.ax_1_1,
 PeaceableQueens.UpperBound.Generated.Finite.Q054.certificate_accepted._native.native_decide.ax_1_1,
 PeaceableQueens.UpperBound.Generated.Finite.Q055.certificate_accepted._native.native_decide.ax_1_1,
 PeaceableQueens.UpperBound.Generated.Finite.Q056.certificate_accepted._native.native_decide.ax_1_1,
 PeaceableQueens.UpperBound.Generated.Finite.Q057.certificate_accepted._native.native_decide.ax_1_1,
 PeaceableQueens.UpperBound.Generated.Finite.Q058.certificate_accepted._native.native_decide.ax_1_1,
 PeaceableQueens.UpperBound.Generated.Finite.Q059.certificate_accepted._native.native_decide.ax_1_1,
 PeaceableQueens.UpperBound.Generated.Finite.Q060.certificate_accepted._native.native_decide.ax_1_1,
 PeaceableQueens.UpperBound.Generated.Finite.Q061.certificate_accepted._native.native_decide.ax_1_1,
 PeaceableQueens.UpperBound.Generated.Finite.Q062.certificate_accepted._native.native_decide.ax_1_1,
 PeaceableQueens.UpperBound.Generated.Finite.Q063.certificate_accepted._native.native_decide.ax_1_1,
 PeaceableQueens.UpperBound.Generated.Finite.Q064.certificate_accepted._native.native_decide.ax_1_1,
 PeaceableQueens.UpperBound.Generated.Finite.Q065.certificate_accepted._native.native_decide.ax_1_1,
 PeaceableQueens.UpperBound.Generated.Finite.Q066.certificate_accepted._native.native_decide.ax_1_1,
 PeaceableQueens.UpperBound.Generated.Finite.Q067.certificate_accepted._native.native_decide.ax_1_1,
 PeaceableQueens.UpperBound.Generated.Finite.Q068.certificate_accepted._native.native_decide.ax_1_1,
 PeaceableQueens.UpperBound.Generated.Finite.Q069.certificate_accepted._native.native_decide.ax_1_1,
 PeaceableQueens.UpperBound.Generated.Finite.Q070.certificate_accepted._native.native_decide.ax_1_1,
 PeaceableQueens.UpperBound.Generated.Finite.Q071.certificate_accepted._native.native_decide.ax_1_1,
 PeaceableQueens.UpperBound.Generated.Finite.Q072.certificate_accepted._native.native_decide.ax_1_1,
 PeaceableQueens.UpperBound.Generated.Finite.Q073.certificate_accepted._native.native_decide.ax_1_1,
 PeaceableQueens.UpperBound.Generated.Finite.Q074.certificate_accepted._native.native_decide.ax_1_1,
 PeaceableQueens.UpperBound.Generated.Finite.Q075.certificate_accepted._native.native_decide.ax_1_1,
 PeaceableQueens.UpperBound.Generated.Finite.Q076.certificate_accepted._native.native_decide.ax_1_1,
 PeaceableQueens.UpperBound.Generated.Finite.Q077.certificate_accepted._native.native_decide.ax_1_1,
 PeaceableQueens.UpperBound.Generated.Finite.Q078.certificate_accepted._native.native_decide.ax_1_1,
 PeaceableQueens.UpperBound.Generated.Finite.Q079.certificate_accepted._native.native_decide.ax_1_1,
 PeaceableQueens.UpperBound.Generated.Finite.Q080.certificate_accepted._native.native_decide.ax_1_1,
 PeaceableQueens.UpperBound.Generated.Finite.Q081.certificate_accepted._native.native_decide.ax_1_1,
 PeaceableQueens.UpperBound.Generated.Finite.Q082.certificate_accepted._native.native_decide.ax_1_1,
 PeaceableQueens.UpperBound.Generated.Finite.Q083.certificate_accepted._native.native_decide.ax_1_1,
 PeaceableQueens.UpperBound.Generated.Finite.Q084.certificate_accepted._native.native_decide.ax_1_1,
 PeaceableQueens.UpperBound.Generated.Finite.Q085.certificate_accepted._native.native_decide.ax_1_1,
 PeaceableQueens.UpperBound.Generated.Finite.Q086.certificate_accepted._native.native_decide.ax_1_1,
 PeaceableQueens.UpperBound.Generated.Finite.Q087.certificate_accepted._native.native_decide.ax_1_1,
 PeaceableQueens.UpperBound.Generated.Finite.Q088.certificate_accepted._native.native_decide.ax_1_1,
 PeaceableQueens.UpperBound.Generated.Finite.Q089.certificate_accepted._native.native_decide.ax_1_1,
 PeaceableQueens.UpperBound.Generated.Finite.Q090.certificate_accepted._native.native_decide.ax_1_1,
 PeaceableQueens.UpperBound.Generated.Finite.Q091.certificate_accepted._native.native_decide.ax_1_1,
 PeaceableQueens.UpperBound.Generated.Finite.Q092.certificate_accepted._native.native_decide.ax_1_1,
 PeaceableQueens.UpperBound.Generated.Finite.Q093.certificate_accepted._native.native_decide.ax_1_1,
 PeaceableQueens.UpperBound.Generated.Finite.Q094.certificate_accepted._native.native_decide.ax_1_1,
 PeaceableQueens.UpperBound.Generated.Finite.Q095.certificate_accepted._native.native_decide.ax_1_1,
 PeaceableQueens.UpperBound.Generated.Finite.Q096.certificate_accepted._native.native_decide.ax_1_1,
 PeaceableQueens.UpperBound.Generated.Finite.Q097.certificate_accepted._native.native_decide.ax_1_1,
 PeaceableQueens.UpperBound.Generated.Finite.Q098.certificate_accepted._native.native_decide.ax_1_1,
 PeaceableQueens.UpperBound.Generated.Finite.Q099.certificate_accepted._native.native_decide.ax_1_1,
 PeaceableQueens.UpperBound.Generated.Finite.Q100.certificate_accepted._native.native_decide.ax_1_1,
 PeaceableQueens.UpperBound.Generated.Finite.Q101.certificate_accepted._native.native_decide.ax_1_1,
 PeaceableQueens.UpperBound.Generated.Finite.Q102.certificate_accepted._native.native_decide.ax_1_1,
 PeaceableQueens.UpperBound.Generated.Finite.Q103.certificate_accepted._native.native_decide.ax_1_1,
 PeaceableQueens.UpperBound.Generated.Finite.Q104.certificate_accepted._native.native_decide.ax_1_1,
 PeaceableQueens.UpperBound.Generated.Finite.Q105.certificate_accepted._native.native_decide.ax_1_1,
 PeaceableQueens.UpperBound.Generated.Finite.Q106.certificate_accepted._native.native_decide.ax_1_1,
 PeaceableQueens.UpperBound.Generated.Finite.Q107.certificate_accepted._native.native_decide.ax_1_1,
 PeaceableQueens.UpperBound.Generated.Finite.Q108.certificate_accepted._native.native_decide.ax_1_1,
 PeaceableQueens.UpperBound.Generated.Finite.Q109.certificate_accepted._native.native_decide.ax_1_1,
 PeaceableQueens.UpperBound.Generated.Finite.Q110.certificate_accepted._native.native_decide.ax_1_1,
 PeaceableQueens.UpperBound.Generated.Finite.Q111.certificate_accepted._native.native_decide.ax_1_1,
 PeaceableQueens.UpperBound.Generated.Finite.Q112.certificate_accepted._native.native_decide.ax_1_1,
 PeaceableQueens.UpperBound.Generated.Finite.Q113.certificate_accepted._native.native_decide.ax_1_1,
 PeaceableQueens.UpperBound.Generated.Finite.Q114.certificate_accepted._native.native_decide.ax_1_1,
 PeaceableQueens.UpperBound.Generated.Finite.Q115.certificate_accepted._native.native_decide.ax_1_1,
 PeaceableQueens.UpperBound.Generated.Finite.Q116.certificate_accepted._native.native_decide.ax_1_1,
 PeaceableQueens.UpperBound.Generated.Finite.Q117.certificate_accepted._native.native_decide.ax_1_1,
 PeaceableQueens.UpperBound.Generated.Finite.Q118.certificate_accepted._native.native_decide.ax_1_1,
 PeaceableQueens.UpperBound.Generated.Finite.Q119.certificate_accepted._native.native_decide.ax_1_1,
 PeaceableQueens.UpperBound.Generated.Finite.Q120.certificate_accepted._native.native_decide.ax_1_1,
 PeaceableQueens.UpperBound.Generated.Finite.Q121.certificate_accepted._native.native_decide.ax_1_1,
 PeaceableQueens.UpperBound.Generated.Finite.Q122.certificate_accepted._native.native_decide.ax_1_1,
 PeaceableQueens.UpperBound.Generated.Finite.Q123.certificate_accepted._native.native_decide.ax_1_1,
 PeaceableQueens.UpperBound.Generated.Finite.Q124.certificate_accepted._native.native_decide.ax_1_1,
 PeaceableQueens.UpperBound.Generated.Finite.Q125.certificate_accepted._native.native_decide.ax_1_1,
 PeaceableQueens.UpperBound.Generated.Finite.Q126.certificate_accepted._native.native_decide.ax_1_1,
 PeaceableQueens.UpperBound.Generated.Finite.Q127.certificate_accepted._native.native_decide.ax_1_1,
 PeaceableQueens.UpperBound.Generated.Finite.Q128.certificate_accepted._native.native_decide.ax_1_1,
 PeaceableQueens.UpperBound.Generated.Finite.Q129.certificate_accepted._native.native_decide.ax_1_1]
'PeaceableQueens.evenTorusTheorem' depends on axioms: [propext,
 Classical.choice,
 Quot.sound,
 PeaceableQueens.UpperBound.Generated.Even.C527.split_batch_00_ok._native.native_decide.ax_1_1,
 PeaceableQueens.UpperBound.Generated.Even.C527.split_batch_01_ok._native.native_decide.ax_1_1,
 PeaceableQueens.UpperBound.Generated.Even.C527.split_batch_02_ok._native.native_decide.ax_1_1,
 PeaceableQueens.UpperBound.Generated.Even.C527.split_batch_03_ok._native.native_decide.ax_1_1,
 PeaceableQueens.UpperBound.Generated.Even.C527.split_batch_04_ok._native.native_decide.ax_1_1,
 PeaceableQueens.UpperBound.Generated.Even.C527.split_batch_05_ok._native.native_decide.ax_1_1,
 PeaceableQueens.UpperBound.Generated.Even.C527.split_batch_06_ok._native.native_decide.ax_1_1,
 PeaceableQueens.UpperBound.Generated.Even.C527.split_batch_07_ok._native.native_decide.ax_1_1,
 PeaceableQueens.UpperBound.Generated.Even.C527.split_batch_08_ok._native.native_decide.ax_1_1,
 PeaceableQueens.UpperBound.Generated.Even.C527.split_batch_09_ok._native.native_decide.ax_1_1,
 PeaceableQueens.UpperBound.Generated.Even.C527.split_batch_100_ok._native.native_decide.ax_1_1,
 PeaceableQueens.UpperBound.Generated.Even.C527.split_batch_101_ok._native.native_decide.ax_1_1,
 PeaceableQueens.UpperBound.Generated.Even.C527.split_batch_102_ok._native.native_decide.ax_1_1,
 PeaceableQueens.UpperBound.Generated.Even.C527.split_batch_103_ok._native.native_decide.ax_1_1,
 PeaceableQueens.UpperBound.Generated.Even.C527.split_batch_104_ok._native.native_decide.ax_1_1,
 PeaceableQueens.UpperBound.Generated.Even.C527.split_batch_105_ok._native.native_decide.ax_1_1,
 PeaceableQueens.UpperBound.Generated.Even.C527.split_batch_106_ok._native.native_decide.ax_1_1,
 PeaceableQueens.UpperBound.Generated.Even.C527.split_batch_107_ok._native.native_decide.ax_1_1,
 PeaceableQueens.UpperBound.Generated.Even.C527.split_batch_108_ok._native.native_decide.ax_1_1,
 PeaceableQueens.UpperBound.Generated.Even.C527.split_batch_109_ok._native.native_decide.ax_1_1,
 PeaceableQueens.UpperBound.Generated.Even.C527.split_batch_10_ok._native.native_decide.ax_1_1,
 PeaceableQueens.UpperBound.Generated.Even.C527.split_batch_110_ok._native.native_decide.ax_1_1,
 PeaceableQueens.UpperBound.Generated.Even.C527.split_batch_111_ok._native.native_decide.ax_1_1,
 PeaceableQueens.UpperBound.Generated.Even.C527.split_batch_112_ok._native.native_decide.ax_1_1,
 PeaceableQueens.UpperBound.Generated.Even.C527.split_batch_113_ok._native.native_decide.ax_1_1,
 PeaceableQueens.UpperBound.Generated.Even.C527.split_batch_114_ok._native.native_decide.ax_1_1,
 PeaceableQueens.UpperBound.Generated.Even.C527.split_batch_115_ok._native.native_decide.ax_1_1,
 PeaceableQueens.UpperBound.Generated.Even.C527.split_batch_116_ok._native.native_decide.ax_1_1,
 PeaceableQueens.UpperBound.Generated.Even.C527.split_batch_117_ok._native.native_decide.ax_1_1,
 PeaceableQueens.UpperBound.Generated.Even.C527.split_batch_118_ok._native.native_decide.ax_1_1,
 PeaceableQueens.UpperBound.Generated.Even.C527.split_batch_119_ok._native.native_decide.ax_1_1,
 PeaceableQueens.UpperBound.Generated.Even.C527.split_batch_11_ok._native.native_decide.ax_1_1,
 PeaceableQueens.UpperBound.Generated.Even.C527.split_batch_120_ok._native.native_decide.ax_1_1,
 PeaceableQueens.UpperBound.Generated.Even.C527.split_batch_121_ok._native.native_decide.ax_1_1,
 PeaceableQueens.UpperBound.Generated.Even.C527.split_batch_122_ok._native.native_decide.ax_1_1,
 PeaceableQueens.UpperBound.Generated.Even.C527.split_batch_123_ok._native.native_decide.ax_1_1,
 PeaceableQueens.UpperBound.Generated.Even.C527.split_batch_124_ok._native.native_decide.ax_1_1,
 PeaceableQueens.UpperBound.Generated.Even.C527.split_batch_125_ok._native.native_decide.ax_1_1,
 PeaceableQueens.UpperBound.Generated.Even.C527.split_batch_126_ok._native.native_decide.ax_1_1,
 PeaceableQueens.UpperBound.Generated.Even.C527.split_batch_127_ok._native.native_decide.ax_1_1,
 PeaceableQueens.UpperBound.Generated.Even.C527.split_batch_128_ok._native.native_decide.ax_1_1,
 PeaceableQueens.UpperBound.Generated.Even.C527.split_batch_129_ok._native.native_decide.ax_1_1,
 PeaceableQueens.UpperBound.Generated.Even.C527.split_batch_12_ok._native.native_decide.ax_1_1,
 PeaceableQueens.UpperBound.Generated.Even.C527.split_batch_130_ok._native.native_decide.ax_1_1,
 PeaceableQueens.UpperBound.Generated.Even.C527.split_batch_131_ok._native.native_decide.ax_1_1,
 PeaceableQueens.UpperBound.Generated.Even.C527.split_batch_132_ok._native.native_decide.ax_1_1,
 PeaceableQueens.UpperBound.Generated.Even.C527.split_batch_133_ok._native.native_decide.ax_1_1,
 PeaceableQueens.UpperBound.Generated.Even.C527.split_batch_134_ok._native.native_decide.ax_1_1,
 PeaceableQueens.UpperBound.Generated.Even.C527.split_batch_135_ok._native.native_decide.ax_1_1,
 PeaceableQueens.UpperBound.Generated.Even.C527.split_batch_136_ok._native.native_decide.ax_1_1,
 PeaceableQueens.UpperBound.Generated.Even.C527.split_batch_137_ok._native.native_decide.ax_1_1,
 PeaceableQueens.UpperBound.Generated.Even.C527.split_batch_138_ok._native.native_decide.ax_1_1,
 PeaceableQueens.UpperBound.Generated.Even.C527.split_batch_13_ok._native.native_decide.ax_1_1,
 PeaceableQueens.UpperBound.Generated.Even.C527.split_batch_14_ok._native.native_decide.ax_1_1,
 PeaceableQueens.UpperBound.Generated.Even.C527.split_batch_15_ok._native.native_decide.ax_1_1,
 PeaceableQueens.UpperBound.Generated.Even.C527.split_batch_16_ok._native.native_decide.ax_1_1,
 PeaceableQueens.UpperBound.Generated.Even.C527.split_batch_17_ok._native.native_decide.ax_1_1,
 PeaceableQueens.UpperBound.Generated.Even.C527.split_batch_18_ok._native.native_decide.ax_1_1,
 PeaceableQueens.UpperBound.Generated.Even.C527.split_batch_19_ok._native.native_decide.ax_1_1,
 PeaceableQueens.UpperBound.Generated.Even.C527.split_batch_20_ok._native.native_decide.ax_1_1,
 PeaceableQueens.UpperBound.Generated.Even.C527.split_batch_21_ok._native.native_decide.ax_1_1,
 PeaceableQueens.UpperBound.Generated.Even.C527.split_batch_22_ok._native.native_decide.ax_1_1,
 PeaceableQueens.UpperBound.Generated.Even.C527.split_batch_23_ok._native.native_decide.ax_1_1,
 PeaceableQueens.UpperBound.Generated.Even.C527.split_batch_24_ok._native.native_decide.ax_1_1,
 PeaceableQueens.UpperBound.Generated.Even.C527.split_batch_25_ok._native.native_decide.ax_1_1,
 PeaceableQueens.UpperBound.Generated.Even.C527.split_batch_26_ok._native.native_decide.ax_1_1,
 PeaceableQueens.UpperBound.Generated.Even.C527.split_batch_27_ok._native.native_decide.ax_1_1,
 PeaceableQueens.UpperBound.Generated.Even.C527.split_batch_28_ok._native.native_decide.ax_1_1,
 PeaceableQueens.UpperBound.Generated.Even.C527.split_batch_29_ok._native.native_decide.ax_1_1,
 PeaceableQueens.UpperBound.Generated.Even.C527.split_batch_30_ok._native.native_decide.ax_1_1,
 PeaceableQueens.UpperBound.Generated.Even.C527.split_batch_31_ok._native.native_decide.ax_1_1,
 PeaceableQueens.UpperBound.Generated.Even.C527.split_batch_32_ok._native.native_decide.ax_1_1,
 PeaceableQueens.UpperBound.Generated.Even.C527.split_batch_33_ok._native.native_decide.ax_1_1,
 PeaceableQueens.UpperBound.Generated.Even.C527.split_batch_34_ok._native.native_decide.ax_1_1,
 PeaceableQueens.UpperBound.Generated.Even.C527.split_batch_35_ok._native.native_decide.ax_1_1,
 PeaceableQueens.UpperBound.Generated.Even.C527.split_batch_36_ok._native.native_decide.ax_1_1,
 PeaceableQueens.UpperBound.Generated.Even.C527.split_batch_37_ok._native.native_decide.ax_1_1,
 PeaceableQueens.UpperBound.Generated.Even.C527.split_batch_38_ok._native.native_decide.ax_1_1,
 PeaceableQueens.UpperBound.Generated.Even.C527.split_batch_39_ok._native.native_decide.ax_1_1,
 PeaceableQueens.UpperBound.Generated.Even.C527.split_batch_40_ok._native.native_decide.ax_1_1,
 PeaceableQueens.UpperBound.Generated.Even.C527.split_batch_41_ok._native.native_decide.ax_1_1,
 PeaceableQueens.UpperBound.Generated.Even.C527.split_batch_42_ok._native.native_decide.ax_1_1,
 PeaceableQueens.UpperBound.Generated.Even.C527.split_batch_43_ok._native.native_decide.ax_1_1,
 PeaceableQueens.UpperBound.Generated.Even.C527.split_batch_44_ok._native.native_decide.ax_1_1,
 PeaceableQueens.UpperBound.Generated.Even.C527.split_batch_45_ok._native.native_decide.ax_1_1,
 PeaceableQueens.UpperBound.Generated.Even.C527.split_batch_46_ok._native.native_decide.ax_1_1,
 PeaceableQueens.UpperBound.Generated.Even.C527.split_batch_47_ok._native.native_decide.ax_1_1,
 PeaceableQueens.UpperBound.Generated.Even.C527.split_batch_48_ok._native.native_decide.ax_1_1,
 PeaceableQueens.UpperBound.Generated.Even.C527.split_batch_49_ok._native.native_decide.ax_1_1,
 PeaceableQueens.UpperBound.Generated.Even.C527.split_batch_50_ok._native.native_decide.ax_1_1,
 PeaceableQueens.UpperBound.Generated.Even.C527.split_batch_51_ok._native.native_decide.ax_1_1,
 PeaceableQueens.UpperBound.Generated.Even.C527.split_batch_52_ok._native.native_decide.ax_1_1,
 PeaceableQueens.UpperBound.Generated.Even.C527.split_batch_53_ok._native.native_decide.ax_1_1,
 PeaceableQueens.UpperBound.Generated.Even.C527.split_batch_54_ok._native.native_decide.ax_1_1,
 PeaceableQueens.UpperBound.Generated.Even.C527.split_batch_55_ok._native.native_decide.ax_1_1,
 PeaceableQueens.UpperBound.Generated.Even.C527.split_batch_56_ok._native.native_decide.ax_1_1,
 PeaceableQueens.UpperBound.Generated.Even.C527.split_batch_57_ok._native.native_decide.ax_1_1,
 PeaceableQueens.UpperBound.Generated.Even.C527.split_batch_58_ok._native.native_decide.ax_1_1,
 PeaceableQueens.UpperBound.Generated.Even.C527.split_batch_59_ok._native.native_decide.ax_1_1,
 PeaceableQueens.UpperBound.Generated.Even.C527.split_batch_60_ok._native.native_decide.ax_1_1,
 PeaceableQueens.UpperBound.Generated.Even.C527.split_batch_61_ok._native.native_decide.ax_1_1,
 PeaceableQueens.UpperBound.Generated.Even.C527.split_batch_62_ok._native.native_decide.ax_1_1,
 PeaceableQueens.UpperBound.Generated.Even.C527.split_batch_63_ok._native.native_decide.ax_1_1,
 PeaceableQueens.UpperBound.Generated.Even.C527.split_batch_64_ok._native.native_decide.ax_1_1,
 PeaceableQueens.UpperBound.Generated.Even.C527.split_batch_65_ok._native.native_decide.ax_1_1,
 PeaceableQueens.UpperBound.Generated.Even.C527.split_batch_66_ok._native.native_decide.ax_1_1,
 PeaceableQueens.UpperBound.Generated.Even.C527.split_batch_67_ok._native.native_decide.ax_1_1,
 PeaceableQueens.UpperBound.Generated.Even.C527.split_batch_68_ok._native.native_decide.ax_1_1,
 PeaceableQueens.UpperBound.Generated.Even.C527.split_batch_69_ok._native.native_decide.ax_1_1,
 PeaceableQueens.UpperBound.Generated.Even.C527.split_batch_70_ok._native.native_decide.ax_1_1,
 PeaceableQueens.UpperBound.Generated.Even.C527.split_batch_71_ok._native.native_decide.ax_1_1,
 PeaceableQueens.UpperBound.Generated.Even.C527.split_batch_72_ok._native.native_decide.ax_1_1,
 PeaceableQueens.UpperBound.Generated.Even.C527.split_batch_73_ok._native.native_decide.ax_1_1,
 PeaceableQueens.UpperBound.Generated.Even.C527.split_batch_74_ok._native.native_decide.ax_1_1,
 PeaceableQueens.UpperBound.Generated.Even.C527.split_batch_75_ok._native.native_decide.ax_1_1,
 PeaceableQueens.UpperBound.Generated.Even.C527.split_batch_76_ok._native.native_decide.ax_1_1,
 PeaceableQueens.UpperBound.Generated.Even.C527.split_batch_77_ok._native.native_decide.ax_1_1,
 PeaceableQueens.UpperBound.Generated.Even.C527.split_batch_78_ok._native.native_decide.ax_1_1,
 PeaceableQueens.UpperBound.Generated.Even.C527.split_batch_79_ok._native.native_decide.ax_1_1,
 PeaceableQueens.UpperBound.Generated.Even.C527.split_batch_80_ok._native.native_decide.ax_1_1,
 PeaceableQueens.UpperBound.Generated.Even.C527.split_batch_81_ok._native.native_decide.ax_1_1,
 PeaceableQueens.UpperBound.Generated.Even.C527.split_batch_82_ok._native.native_decide.ax_1_1,
 PeaceableQueens.UpperBound.Generated.Even.C527.split_batch_83_ok._native.native_decide.ax_1_1,
 PeaceableQueens.UpperBound.Generated.Even.C527.split_batch_84_ok._native.native_decide.ax_1_1,
 PeaceableQueens.UpperBound.Generated.Even.C527.split_batch_85_ok._native.native_decide.ax_1_1,
 PeaceableQueens.UpperBound.Generated.Even.C527.split_batch_86_ok._native.native_decide.ax_1_1,
 PeaceableQueens.UpperBound.Generated.Even.C527.split_batch_87_ok._native.native_decide.ax_1_1,
 PeaceableQueens.UpperBound.Generated.Even.C527.split_batch_88_ok._native.native_decide.ax_1_1,
 PeaceableQueens.UpperBound.Generated.Even.C527.split_batch_89_ok._native.native_decide.ax_1_1,
 PeaceableQueens.UpperBound.Generated.Even.C527.split_batch_90_ok._native.native_decide.ax_1_1,
 PeaceableQueens.UpperBound.Generated.Even.C527.split_batch_91_ok._native.native_decide.ax_1_1,
 PeaceableQueens.UpperBound.Generated.Even.C527.split_batch_92_ok._native.native_decide.ax_1_1,
 PeaceableQueens.UpperBound.Generated.Even.C527.split_batch_93_ok._native.native_decide.ax_1_1,
 PeaceableQueens.UpperBound.Generated.Even.C527.split_batch_94_ok._native.native_decide.ax_1_1,
 PeaceableQueens.UpperBound.Generated.Even.C527.split_batch_95_ok._native.native_decide.ax_1_1,
 PeaceableQueens.UpperBound.Generated.Even.C527.split_batch_96_ok._native.native_decide.ax_1_1,
 PeaceableQueens.UpperBound.Generated.Even.C527.split_batch_97_ok._native.native_decide.ax_1_1,
 PeaceableQueens.UpperBound.Generated.Even.C527.split_batch_98_ok._native.native_decide.ax_1_1,
 PeaceableQueens.UpperBound.Generated.Even.C527.split_batch_99_ok._native.native_decide.ax_1_1,
 PeaceableQueens.UpperBound.Generated.Even.C527.terminal_batch_03_ok._native.native_decide.ax_1_1,
 PeaceableQueens.UpperBound.Generated.Even.C527.terminal_batch_07_ok._native.native_decide.ax_1_1,
 PeaceableQueens.UpperBound.Generated.Even.C527.terminal_batch_10_ok._native.native_decide.ax_1_1,
 PeaceableQueens.UpperBound.Generated.Even.C527.terminal_batch_114_ok._native.native_decide.ax_1_1,
 PeaceableQueens.UpperBound.Generated.Even.C527.terminal_batch_117_ok._native.native_decide.ax_1_1,
 PeaceableQueens.UpperBound.Generated.Even.C527.terminal_batch_118_ok._native.native_decide.ax_1_1,
 PeaceableQueens.UpperBound.Generated.Even.C527.terminal_batch_120_ok._native.native_decide.ax_1_1,
 PeaceableQueens.UpperBound.Generated.Even.C527.terminal_batch_121_ok._native.native_decide.ax_1_1,
 PeaceableQueens.UpperBound.Generated.Even.C527.terminal_batch_122_ok._native.native_decide.ax_1_1,
 PeaceableQueens.UpperBound.Generated.Even.C527.terminal_batch_124_ok._native.native_decide.ax_1_1,
 PeaceableQueens.UpperBound.Generated.Even.C527.terminal_batch_125_ok._native.native_decide.ax_1_1,
 PeaceableQueens.UpperBound.Generated.Even.C527.terminal_batch_126_ok._native.native_decide.ax_1_1,
 PeaceableQueens.UpperBound.Generated.Even.C527.terminal_batch_127_ok._native.native_decide.ax_1_1,
 PeaceableQueens.UpperBound.Generated.Even.C527.terminal_batch_128_ok._native.native_decide.ax_1_1,
 PeaceableQueens.UpperBound.Generated.Even.C527.terminal_batch_129_ok._native.native_decide.ax_1_1,
 PeaceableQueens.UpperBound.Generated.Even.C527.terminal_batch_130_ok._native.native_decide.ax_1_1,
 PeaceableQueens.UpperBound.Generated.Even.C527.terminal_batch_131_ok._native.native_decide.ax_1_1,
 PeaceableQueens.UpperBound.Generated.Even.C527.terminal_batch_134_ok._native.native_decide.ax_1_1,
 PeaceableQueens.UpperBound.Generated.Even.C527.terminal_batch_137_ok._native.native_decide.ax_1_1,
 PeaceableQueens.UpperBound.Generated.Even.C527.terminal_batch_138_ok._native.native_decide.ax_1_1,
 PeaceableQueens.UpperBound.Generated.Even.C527.terminal_batch_13_ok._native.native_decide.ax_1_1,
 PeaceableQueens.UpperBound.Generated.Even.C527.terminal_batch_17_ok._native.native_decide.ax_1_1,
 PeaceableQueens.UpperBound.Generated.Even.C527.terminal_batch_18_ok._native.native_decide.ax_1_1,
 PeaceableQueens.UpperBound.Generated.Even.C527.terminal_batch_19_ok._native.native_decide.ax_1_1,
 PeaceableQueens.UpperBound.Generated.Even.C527.terminal_batch_32_ok._native.native_decide.ax_1_1,
 PeaceableQueens.UpperBound.Generated.Even.C527.terminal_batch_33_ok._native.native_decide.ax_1_1,
 PeaceableQueens.UpperBound.Generated.Even.C527.terminal_batch_34_ok._native.native_decide.ax_1_1,
 PeaceableQueens.UpperBound.Generated.Even.C527.terminal_batch_40_ok._native.native_decide.ax_1_1,
 PeaceableQueens.UpperBound.Generated.Even.C527.terminal_batch_51_ok._native.native_decide.ax_1_1,
 PeaceableQueens.UpperBound.Generated.Even.C527.terminal_batch_72_ok._native.native_decide.ax_1_1,
 PeaceableQueens.UpperBound.Generated.Even.C527.terminal_batch_73_ok._native.native_decide.ax_1_1,
 PeaceableQueens.UpperBound.Generated.Even.C527.terminal_batch_74_ok._native.native_decide.ax_1_1,
 PeaceableQueens.UpperBound.Generated.Even.C527.terminal_batch_75_ok._native.native_decide.ax_1_1,
 PeaceableQueens.UpperBound.Generated.Even.C527.terminal_batch_77_ok._native.native_decide.ax_1_1,
 PeaceableQueens.UpperBound.Generated.Even.C527.terminal_batch_78_ok._native.native_decide.ax_1_1,
 PeaceableQueens.UpperBound.Generated.Even.C527.terminal_batch_80_ok._native.native_decide.ax_1_1,
 PeaceableQueens.UpperBound.Generated.Even.C527.terminal_batch_81_ok._native.native_decide.ax_1_1,
 PeaceableQueens.UpperBound.Generated.Even.C527.terminal_batch_89_ok._native.native_decide.ax_1_1,
 PeaceableQueens.UpperBound.Generated.Even.C527.terminal_batch_96_ok._native.native_decide.ax_1_1,
 PeaceableQueens.UpperBound.Generated.Even.Core.split_batch_00_ok._native.native_decide.ax_1_1,
 PeaceableQueens.UpperBound.Generated.Even.Core.split_batch_01_ok._native.native_decide.ax_1_1,
 PeaceableQueens.UpperBound.Generated.Even.Core.split_batch_02_ok._native.native_decide.ax_1_1,
 PeaceableQueens.UpperBound.Generated.Even.Core.split_batch_03_ok._native.native_decide.ax_1_1,
 PeaceableQueens.UpperBound.Generated.Even.Core.split_batch_04_ok._native.native_decide.ax_1_1,
 PeaceableQueens.UpperBound.Generated.Even.Core.split_batch_05_ok._native.native_decide.ax_1_1,
 PeaceableQueens.UpperBound.Generated.Even.Core.split_batch_06_ok._native.native_decide.ax_1_1,
 PeaceableQueens.UpperBound.Generated.Even.Core.split_batch_07_ok._native.native_decide.ax_1_1,
 PeaceableQueens.UpperBound.Generated.Even.Core.split_batch_08_ok._native.native_decide.ax_1_1,
 PeaceableQueens.UpperBound.Generated.Even.Core.split_batch_09_ok._native.native_decide.ax_1_1,
 PeaceableQueens.UpperBound.Generated.Even.Core.split_batch_10_ok._native.native_decide.ax_1_1,
 PeaceableQueens.UpperBound.Generated.Even.Core.split_batch_11_ok._native.native_decide.ax_1_1,
 PeaceableQueens.UpperBound.Generated.Even.Core.split_batch_12_ok._native.native_decide.ax_1_1,
 PeaceableQueens.UpperBound.Generated.Even.Core.split_batch_13_ok._native.native_decide.ax_1_1,
 PeaceableQueens.UpperBound.Generated.Even.Core.split_batch_14_ok._native.native_decide.ax_1_1,
 PeaceableQueens.UpperBound.Generated.Even.Core.split_batch_15_ok._native.native_decide.ax_1_1,
 PeaceableQueens.UpperBound.Generated.Even.Core.split_batch_16_ok._native.native_decide.ax_1_1,
 PeaceableQueens.UpperBound.Generated.Even.Core.split_batch_17_ok._native.native_decide.ax_1_1,
 PeaceableQueens.UpperBound.Generated.Even.Core.split_batch_18_ok._native.native_decide.ax_1_1,
 PeaceableQueens.UpperBound.Generated.Even.Core.split_batch_19_ok._native.native_decide.ax_1_1,
 PeaceableQueens.UpperBound.Generated.Even.Core.split_batch_20_ok._native.native_decide.ax_1_1,
 PeaceableQueens.UpperBound.Generated.Even.Core.split_batch_21_ok._native.native_decide.ax_1_1,
 PeaceableQueens.UpperBound.Generated.Even.Core.split_batch_22_ok._native.native_decide.ax_1_1,
 PeaceableQueens.UpperBound.Generated.Even.Core.split_batch_23_ok._native.native_decide.ax_1_1,
 PeaceableQueens.UpperBound.Generated.Even.Core.split_batch_24_ok._native.native_decide.ax_1_1,
 PeaceableQueens.UpperBound.Generated.Even.Core.split_batch_25_ok._native.native_decide.ax_1_1,
 PeaceableQueens.UpperBound.Generated.Even.Core.split_batch_26_ok._native.native_decide.ax_1_1,
 PeaceableQueens.UpperBound.Generated.Even.Core.split_batch_27_ok._native.native_decide.ax_1_1,
 PeaceableQueens.UpperBound.Generated.Even.Core.split_batch_28_ok._native.native_decide.ax_1_1,
 PeaceableQueens.UpperBound.Generated.Even.Core.split_batch_29_ok._native.native_decide.ax_1_1,
 PeaceableQueens.UpperBound.Generated.Even.Core.split_batch_30_ok._native.native_decide.ax_1_1,
 PeaceableQueens.UpperBound.Generated.Even.Core.split_batch_31_ok._native.native_decide.ax_1_1,
 PeaceableQueens.UpperBound.Generated.Even.Core.split_batch_32_ok._native.native_decide.ax_1_1,
 PeaceableQueens.UpperBound.Generated.Even.Core.split_batch_33_ok._native.native_decide.ax_1_1,
 PeaceableQueens.UpperBound.Generated.Even.Core.split_batch_34_ok._native.native_decide.ax_1_1,
 PeaceableQueens.UpperBound.Generated.Even.Core.split_batch_35_ok._native.native_decide.ax_1_1,
 PeaceableQueens.UpperBound.Generated.Even.Core.split_batch_36_ok._native.native_decide.ax_1_1,
 PeaceableQueens.UpperBound.Generated.Even.Core.split_batch_37_ok._native.native_decide.ax_1_1,
 PeaceableQueens.UpperBound.Generated.Even.Core.split_batch_38_ok._native.native_decide.ax_1_1,
 PeaceableQueens.UpperBound.Generated.Even.Core.split_batch_39_ok._native.native_decide.ax_1_1,
 PeaceableQueens.UpperBound.Generated.Even.Core.split_batch_40_ok._native.native_decide.ax_1_1,
 PeaceableQueens.UpperBound.Generated.Even.Core.split_batch_41_ok._native.native_decide.ax_1_1,
 PeaceableQueens.UpperBound.Generated.Even.Core.split_batch_42_ok._native.native_decide.ax_1_1,
 PeaceableQueens.UpperBound.Generated.Even.Core.split_batch_43_ok._native.native_decide.ax_1_1,
 PeaceableQueens.UpperBound.Generated.Even.Core.split_batch_44_ok._native.native_decide.ax_1_1,
 PeaceableQueens.UpperBound.Generated.Even.Core.split_batch_45_ok._native.native_decide.ax_1_1,
 PeaceableQueens.UpperBound.Generated.Even.Core.split_batch_46_ok._native.native_decide.ax_1_1,
 PeaceableQueens.UpperBound.Generated.Even.Core.split_batch_47_ok._native.native_decide.ax_1_1,
 PeaceableQueens.UpperBound.Generated.Even.Core.split_batch_48_ok._native.native_decide.ax_1_1,
 PeaceableQueens.UpperBound.Generated.Even.Core.split_batch_49_ok._native.native_decide.ax_1_1,
 PeaceableQueens.UpperBound.Generated.Even.Core.split_batch_50_ok._native.native_decide.ax_1_1,
 PeaceableQueens.UpperBound.Generated.Even.Core.split_batch_51_ok._native.native_decide.ax_1_1,
 PeaceableQueens.UpperBound.Generated.Even.Core.split_batch_52_ok._native.native_decide.ax_1_1,
 PeaceableQueens.UpperBound.Generated.Even.Core.split_batch_53_ok._native.native_decide.ax_1_1,
 PeaceableQueens.UpperBound.Generated.Even.Core.split_batch_54_ok._native.native_decide.ax_1_1,
 PeaceableQueens.UpperBound.Generated.Even.Core.split_batch_55_ok._native.native_decide.ax_1_1,
 PeaceableQueens.UpperBound.Generated.Even.Core.split_batch_56_ok._native.native_decide.ax_1_1,
 PeaceableQueens.UpperBound.Generated.Even.Core.split_batch_57_ok._native.native_decide.ax_1_1,
 PeaceableQueens.UpperBound.Generated.Even.Core.split_batch_58_ok._native.native_decide.ax_1_1,
 PeaceableQueens.UpperBound.Generated.Even.Core.split_batch_59_ok._native.native_decide.ax_1_1,
 PeaceableQueens.UpperBound.Generated.Even.Core.split_batch_60_ok._native.native_decide.ax_1_1,
 PeaceableQueens.UpperBound.Generated.Even.Core.split_batch_61_ok._native.native_decide.ax_1_1,
 PeaceableQueens.UpperBound.Generated.Even.Core.split_batch_62_ok._native.native_decide.ax_1_1,
 PeaceableQueens.UpperBound.Generated.Even.Core.split_batch_63_ok._native.native_decide.ax_1_1,
 PeaceableQueens.UpperBound.Generated.Even.Core.split_batch_64_ok._native.native_decide.ax_1_1,
 PeaceableQueens.UpperBound.Generated.Even.Core.split_batch_65_ok._native.native_decide.ax_1_1,
 PeaceableQueens.UpperBound.Generated.Even.Core.split_batch_66_ok._native.native_decide.ax_1_1,
 PeaceableQueens.UpperBound.Generated.Even.Core.split_batch_67_ok._native.native_decide.ax_1_1,
 PeaceableQueens.UpperBound.Generated.Even.Core.split_batch_68_ok._native.native_decide.ax_1_1,
 PeaceableQueens.UpperBound.Generated.Even.Core.split_batch_69_ok._native.native_decide.ax_1_1,
 PeaceableQueens.UpperBound.Generated.Even.Core.split_batch_70_ok._native.native_decide.ax_1_1,
 PeaceableQueens.UpperBound.Generated.Even.Core.split_batch_71_ok._native.native_decide.ax_1_1,
 PeaceableQueens.UpperBound.Generated.Even.Core.split_batch_72_ok._native.native_decide.ax_1_1,
 PeaceableQueens.UpperBound.Generated.Even.Core.split_batch_73_ok._native.native_decide.ax_1_1,
 PeaceableQueens.UpperBound.Generated.Even.Core.split_batch_74_ok._native.native_decide.ax_1_1,
 PeaceableQueens.UpperBound.Generated.Even.Core.split_batch_75_ok._native.native_decide.ax_1_1,
 PeaceableQueens.UpperBound.Generated.Even.Core.split_batch_76_ok._native.native_decide.ax_1_1,
 PeaceableQueens.UpperBound.Generated.Even.Core.split_batch_77_ok._native.native_decide.ax_1_1,
 PeaceableQueens.UpperBound.Generated.Even.Core.split_batch_78_ok._native.native_decide.ax_1_1,
 PeaceableQueens.UpperBound.Generated.Even.Core.split_batch_79_ok._native.native_decide.ax_1_1,
 PeaceableQueens.UpperBound.Generated.Even.Core.split_batch_80_ok._native.native_decide.ax_1_1,
 PeaceableQueens.UpperBound.Generated.Even.Core.split_batch_81_ok._native.native_decide.ax_1_1,
 PeaceableQueens.UpperBound.Generated.Even.Core.split_batch_82_ok._native.native_decide.ax_1_1,
 PeaceableQueens.UpperBound.Generated.Even.Core.split_batch_83_ok._native.native_decide.ax_1_1,
 PeaceableQueens.UpperBound.Generated.Even.Core.split_batch_84_ok._native.native_decide.ax_1_1,
 PeaceableQueens.UpperBound.Generated.Even.Core.split_batch_85_ok._native.native_decide.ax_1_1,
 PeaceableQueens.UpperBound.Generated.Even.Core.split_batch_86_ok._native.native_decide.ax_1_1,
 PeaceableQueens.UpperBound.Generated.Even.Core.split_batch_87_ok._native.native_decide.ax_1_1,
 PeaceableQueens.UpperBound.Generated.Even.Core.split_batch_88_ok._native.native_decide.ax_1_1,
 PeaceableQueens.UpperBound.Generated.Even.Core.terminal_batch_00_ok._native.native_decide.ax_1_1,
 PeaceableQueens.UpperBound.Generated.Even.Core.terminal_batch_01_ok._native.native_decide.ax_1_1,
 PeaceableQueens.UpperBound.Generated.Even.Core.terminal_batch_02_ok._native.native_decide.ax_1_1,
 PeaceableQueens.UpperBound.Generated.Even.Core.terminal_batch_03_ok._native.native_decide.ax_1_1,
 PeaceableQueens.UpperBound.Generated.Even.Core.terminal_batch_04_ok._native.native_decide.ax_1_1,
 PeaceableQueens.UpperBound.Generated.Even.Core.terminal_batch_05_ok._native.native_decide.ax_1_1,
 PeaceableQueens.UpperBound.Generated.Even.Core.terminal_batch_06_ok._native.native_decide.ax_1_1,
 PeaceableQueens.UpperBound.Generated.Even.Core.terminal_batch_07_ok._native.native_decide.ax_1_1,
 PeaceableQueens.UpperBound.Generated.Even.Core.terminal_batch_08_ok._native.native_decide.ax_1_1,
 PeaceableQueens.UpperBound.Generated.Even.Core.terminal_batch_09_ok._native.native_decide.ax_1_1,
 PeaceableQueens.UpperBound.Generated.Even.Core.terminal_batch_10_ok._native.native_decide.ax_1_1,
 PeaceableQueens.UpperBound.Generated.Even.Core.terminal_batch_11_ok._native.native_decide.ax_1_1,
 PeaceableQueens.UpperBound.Generated.Even.Core.terminal_batch_12_ok._native.native_decide.ax_1_1,
 PeaceableQueens.UpperBound.Generated.Even.Core.terminal_batch_13_ok._native.native_decide.ax_1_1,
 PeaceableQueens.UpperBound.Generated.Even.Core.terminal_batch_14_ok._native.native_decide.ax_1_1,
 PeaceableQueens.UpperBound.Generated.Even.Core.terminal_batch_15_ok._native.native_decide.ax_1_1,
 PeaceableQueens.UpperBound.Generated.Even.Core.terminal_batch_16_ok._native.native_decide.ax_1_1,
 PeaceableQueens.UpperBound.Generated.Even.Core.terminal_batch_17_ok._native.native_decide.ax_1_1,
 PeaceableQueens.UpperBound.Generated.Even.Core.terminal_batch_18_ok._native.native_decide.ax_1_1,
 PeaceableQueens.UpperBound.Generated.Even.Core.terminal_batch_19_ok._native.native_decide.ax_1_1,
 PeaceableQueens.UpperBound.Generated.Even.Core.terminal_batch_20_ok._native.native_decide.ax_1_1,
 PeaceableQueens.UpperBound.Generated.Even.Core.terminal_batch_21_ok._native.native_decide.ax_1_1,
 PeaceableQueens.UpperBound.Generated.Even.Core.terminal_batch_22_ok._native.native_decide.ax_1_1,
 PeaceableQueens.UpperBound.Generated.Even.Core.terminal_batch_23_ok._native.native_decide.ax_1_1,
 PeaceableQueens.UpperBound.Generated.Even.Core.terminal_batch_24_ok._native.native_decide.ax_1_1,
 PeaceableQueens.UpperBound.Generated.Even.Core.terminal_batch_25_ok._native.native_decide.ax_1_1,
 PeaceableQueens.UpperBound.Generated.Even.Core.terminal_batch_26_ok._native.native_decide.ax_1_1,
 PeaceableQueens.UpperBound.Generated.Even.Core.terminal_batch_27_ok._native.native_decide.ax_1_1,
 PeaceableQueens.UpperBound.Generated.Even.Core.terminal_batch_28_ok._native.native_decide.ax_1_1,
 PeaceableQueens.UpperBound.Generated.Even.Core.terminal_batch_29_ok._native.native_decide.ax_1_1,
 PeaceableQueens.UpperBound.Generated.Even.Core.terminal_batch_30_ok._native.native_decide.ax_1_1,
 PeaceableQueens.UpperBound.Generated.Even.Core.terminal_batch_31_ok._native.native_decide.ax_1_1,
 PeaceableQueens.UpperBound.Generated.Even.Core.terminal_batch_32_ok._native.native_decide.ax_1_1,
 PeaceableQueens.UpperBound.Generated.Even.Core.terminal_batch_33_ok._native.native_decide.ax_1_1,
 PeaceableQueens.UpperBound.Generated.Even.Core.terminal_batch_34_ok._native.native_decide.ax_1_1,
 PeaceableQueens.UpperBound.Generated.Even.Core.terminal_batch_35_ok._native.native_decide.ax_1_1,
 PeaceableQueens.UpperBound.Generated.Even.Core.terminal_batch_36_ok._native.native_decide.ax_1_1,
 PeaceableQueens.UpperBound.Generated.Even.Core.terminal_batch_37_ok._native.native_decide.ax_1_1,
 PeaceableQueens.UpperBound.Generated.Even.Core.terminal_batch_38_ok._native.native_decide.ax_1_1,
 PeaceableQueens.UpperBound.Generated.Even.Core.terminal_batch_39_ok._native.native_decide.ax_1_1,
 PeaceableQueens.UpperBound.Generated.Even.Core.terminal_batch_40_ok._native.native_decide.ax_1_1,
 PeaceableQueens.UpperBound.Generated.Even.Core.terminal_batch_41_ok._native.native_decide.ax_1_1,
 PeaceableQueens.UpperBound.Generated.Even.Core.terminal_batch_42_ok._native.native_decide.ax_1_1,
 PeaceableQueens.UpperBound.Generated.Even.Core.terminal_batch_43_ok._native.native_decide.ax_1_1,
 PeaceableQueens.UpperBound.Generated.Even.Core.terminal_batch_44_ok._native.native_decide.ax_1_1,
 PeaceableQueens.UpperBound.Generated.Even.Core.terminal_batch_45_ok._native.native_decide.ax_1_1,
 PeaceableQueens.UpperBound.Generated.Even.Core.terminal_batch_46_ok._native.native_decide.ax_1_1,
 PeaceableQueens.UpperBound.Generated.Even.Core.terminal_batch_47_ok._native.native_decide.ax_1_1,
 PeaceableQueens.UpperBound.Generated.Even.Core.terminal_batch_48_ok._native.native_decide.ax_1_1,
 PeaceableQueens.UpperBound.Generated.Even.Core.terminal_batch_49_ok._native.native_decide.ax_1_1,
 PeaceableQueens.UpperBound.Generated.Even.Core.terminal_batch_50_ok._native.native_decide.ax_1_1,
 PeaceableQueens.UpperBound.Generated.Even.Core.terminal_batch_51_ok._native.native_decide.ax_1_1,
 PeaceableQueens.UpperBound.Generated.Even.Core.terminal_batch_52_ok._native.native_decide.ax_1_1,
 PeaceableQueens.UpperBound.Generated.Even.Core.terminal_batch_53_ok._native.native_decide.ax_1_1,
 PeaceableQueens.UpperBound.Generated.Even.Core.terminal_batch_54_ok._native.native_decide.ax_1_1,
 PeaceableQueens.UpperBound.Generated.Even.Core.terminal_batch_55_ok._native.native_decide.ax_1_1,
 PeaceableQueens.UpperBound.Generated.Even.Core.terminal_batch_56_ok._native.native_decide.ax_1_1,
 PeaceableQueens.UpperBound.Generated.Even.Core.terminal_batch_57_ok._native.native_decide.ax_1_1,
 PeaceableQueens.UpperBound.Generated.Even.Core.terminal_batch_58_ok._native.native_decide.ax_1_1,
 PeaceableQueens.UpperBound.Generated.Even.Core.terminal_batch_59_ok._native.native_decide.ax_1_1,
 PeaceableQueens.UpperBound.Generated.Even.Core.terminal_batch_60_ok._native.native_decide.ax_1_1,
 PeaceableQueens.UpperBound.Generated.Even.Core.terminal_batch_61_ok._native.native_decide.ax_1_1,
 PeaceableQueens.UpperBound.Generated.Even.Core.terminal_batch_62_ok._native.native_decide.ax_1_1,
 PeaceableQueens.UpperBound.Generated.Even.Core.terminal_batch_63_ok._native.native_decide.ax_1_1,
 PeaceableQueens.UpperBound.Generated.Even.Core.terminal_batch_64_ok._native.native_decide.ax_1_1,
 PeaceableQueens.UpperBound.Generated.Even.Core.terminal_batch_65_ok._native.native_decide.ax_1_1,
 PeaceableQueens.UpperBound.Generated.Even.Core.terminal_batch_66_ok._native.native_decide.ax_1_1,
 PeaceableQueens.UpperBound.Generated.Even.Core.terminal_batch_67_ok._native.native_decide.ax_1_1,
 PeaceableQueens.UpperBound.Generated.Even.Core.terminal_batch_68_ok._native.native_decide.ax_1_1,
 PeaceableQueens.UpperBound.Generated.Even.Core.terminal_batch_69_ok._native.native_decide.ax_1_1,
 PeaceableQueens.UpperBound.Generated.Even.Core.terminal_batch_70_ok._native.native_decide.ax_1_1,
 PeaceableQueens.UpperBound.Generated.Even.Core.terminal_batch_71_ok._native.native_decide.ax_1_1,
 PeaceableQueens.UpperBound.Generated.Even.Core.terminal_batch_72_ok._native.native_decide.ax_1_1,
 PeaceableQueens.UpperBound.Generated.Even.Core.terminal_batch_73_ok._native.native_decide.ax_1_1,
 PeaceableQueens.UpperBound.Generated.Even.Core.terminal_batch_74_ok._native.native_decide.ax_1_1,
 PeaceableQueens.UpperBound.Generated.Even.Core.terminal_batch_75_ok._native.native_decide.ax_1_1,
 PeaceableQueens.UpperBound.Generated.Even.Core.terminal_batch_76_ok._native.native_decide.ax_1_1,
 PeaceableQueens.UpperBound.Generated.Even.Core.terminal_batch_77_ok._native.native_decide.ax_1_1,
 PeaceableQueens.UpperBound.Generated.Even.Core.terminal_batch_78_ok._native.native_decide.ax_1_1,
 PeaceableQueens.UpperBound.Generated.Even.Core.terminal_batch_79_ok._native.native_decide.ax_1_1,
 PeaceableQueens.UpperBound.Generated.Even.Core.terminal_batch_80_ok._native.native_decide.ax_1_1,
 PeaceableQueens.UpperBound.Generated.Even.Core.terminal_batch_81_ok._native.native_decide.ax_1_1,
 PeaceableQueens.UpperBound.Generated.Even.Core.terminal_batch_82_ok._native.native_decide.ax_1_1,
 PeaceableQueens.UpperBound.Generated.Even.Core.terminal_batch_83_ok._native.native_decide.ax_1_1,
 PeaceableQueens.UpperBound.Generated.Even.Core.terminal_batch_84_ok._native.native_decide.ax_1_1,
 PeaceableQueens.UpperBound.Generated.Even.Core.terminal_batch_85_ok._native.native_decide.ax_1_1,
 PeaceableQueens.UpperBound.Generated.Even.Core.terminal_batch_86_ok._native.native_decide.ax_1_1,
 PeaceableQueens.UpperBound.Generated.Even.Core.terminal_batch_87_ok._native.native_decide.ax_1_1,
 PeaceableQueens.UpperBound.Generated.Even.Core.terminal_batch_88_ok._native.native_decide.ax_1_1,
 PeaceableQueens.UpperBound.Generated.Finite.Q003.certificate_accepted._native.native_decide.ax_1_1,
 PeaceableQueens.UpperBound.Generated.Finite.Q004.certificate_accepted._native.native_decide.ax_1_1,
 PeaceableQueens.UpperBound.Generated.Finite.Q005.certificate_accepted._native.native_decide.ax_1_1,
 PeaceableQueens.UpperBound.Generated.Finite.Q006.certificate_accepted._native.native_decide.ax_1_1,
 PeaceableQueens.UpperBound.Generated.Finite.Q007.certificate_accepted._native.native_decide.ax_1_1,
 PeaceableQueens.UpperBound.Generated.Finite.Q008.certificate_accepted._native.native_decide.ax_1_1,
 PeaceableQueens.UpperBound.Generated.Finite.Q009.certificate_accepted._native.native_decide.ax_1_1,
 PeaceableQueens.UpperBound.Generated.Finite.Q010.certificate_accepted._native.native_decide.ax_1_1,
 PeaceableQueens.UpperBound.Generated.Finite.Q011.certificate_accepted._native.native_decide.ax_1_1,
 PeaceableQueens.UpperBound.Generated.Finite.Q012.certificate_accepted._native.native_decide.ax_1_1,
 PeaceableQueens.UpperBound.Generated.Finite.Q013.certificate_accepted._native.native_decide.ax_1_1,
 PeaceableQueens.UpperBound.Generated.Finite.Q014.certificate_accepted._native.native_decide.ax_1_1,
 PeaceableQueens.UpperBound.Generated.Finite.Q015.certificate_accepted._native.native_decide.ax_1_1,
 PeaceableQueens.UpperBound.Generated.Finite.Q016.certificate_accepted._native.native_decide.ax_1_1,
 PeaceableQueens.UpperBound.Generated.Finite.Q017.certificate_accepted._native.native_decide.ax_1_1,
 PeaceableQueens.UpperBound.Generated.Finite.Q018.certificate_accepted._native.native_decide.ax_1_1,
 PeaceableQueens.UpperBound.Generated.Finite.Q019.certificate_accepted._native.native_decide.ax_1_1,
 PeaceableQueens.UpperBound.Generated.Finite.Q020.certificate_accepted._native.native_decide.ax_1_1,
 PeaceableQueens.UpperBound.Generated.Finite.Q021.certificate_accepted._native.native_decide.ax_1_1,
 PeaceableQueens.UpperBound.Generated.Finite.Q022.certificate_accepted._native.native_decide.ax_1_1,
 PeaceableQueens.UpperBound.Generated.Finite.Q023.certificate_accepted._native.native_decide.ax_1_1,
 PeaceableQueens.UpperBound.Generated.Finite.Q024.certificate_accepted._native.native_decide.ax_1_1,
 PeaceableQueens.UpperBound.Generated.Finite.Q025.certificate_accepted._native.native_decide.ax_1_1,
 PeaceableQueens.UpperBound.Generated.Finite.Q026.certificate_accepted._native.native_decide.ax_1_1,
 PeaceableQueens.UpperBound.Generated.Finite.Q027.certificate_accepted._native.native_decide.ax_1_1,
 PeaceableQueens.UpperBound.Generated.Finite.Q028.certificate_accepted._native.native_decide.ax_1_1,
 PeaceableQueens.UpperBound.Generated.Finite.Q029.certificate_accepted._native.native_decide.ax_1_1,
 PeaceableQueens.UpperBound.Generated.Finite.Q030.certificate_accepted._native.native_decide.ax_1_1,
 PeaceableQueens.UpperBound.Generated.Finite.Q031.certificate_accepted._native.native_decide.ax_1_1,
 PeaceableQueens.UpperBound.Generated.Finite.Q032.certificate_accepted._native.native_decide.ax_1_1,
 PeaceableQueens.UpperBound.Generated.Finite.Q033.certificate_accepted._native.native_decide.ax_1_1,
 PeaceableQueens.UpperBound.Generated.Finite.Q034.certificate_accepted._native.native_decide.ax_1_1,
 PeaceableQueens.UpperBound.Generated.Finite.Q035.certificate_accepted._native.native_decide.ax_1_1,
 PeaceableQueens.UpperBound.Generated.Finite.Q036.certificate_accepted._native.native_decide.ax_1_1,
 PeaceableQueens.UpperBound.Generated.Finite.Q037.certificate_accepted._native.native_decide.ax_1_1,
 PeaceableQueens.UpperBound.Generated.Finite.Q038.certificate_accepted._native.native_decide.ax_1_1,
 PeaceableQueens.UpperBound.Generated.Finite.Q039.certificate_accepted._native.native_decide.ax_1_1,
 PeaceableQueens.UpperBound.Generated.Finite.Q040.certificate_accepted._native.native_decide.ax_1_1,
 PeaceableQueens.UpperBound.Generated.Finite.Q041.certificate_accepted._native.native_decide.ax_1_1,
 PeaceableQueens.UpperBound.Generated.Finite.Q042.certificate_accepted._native.native_decide.ax_1_1,
 PeaceableQueens.UpperBound.Generated.Finite.Q043.certificate_accepted._native.native_decide.ax_1_1,
 PeaceableQueens.UpperBound.Generated.Finite.Q044.certificate_accepted._native.native_decide.ax_1_1,
 PeaceableQueens.UpperBound.Generated.Finite.Q045.certificate_accepted._native.native_decide.ax_1_1,
 PeaceableQueens.UpperBound.Generated.Finite.Q046.certificate_accepted._native.native_decide.ax_1_1,
 PeaceableQueens.UpperBound.Generated.Finite.Q047.certificate_accepted._native.native_decide.ax_1_1,
 PeaceableQueens.UpperBound.Generated.Finite.Q048.certificate_accepted._native.native_decide.ax_1_1,
 PeaceableQueens.UpperBound.Generated.Finite.Q049.certificate_accepted._native.native_decide.ax_1_1,
 PeaceableQueens.UpperBound.Generated.Finite.Q050.certificate_accepted._native.native_decide.ax_1_1,
 PeaceableQueens.UpperBound.Generated.Finite.Q051.certificate_accepted._native.native_decide.ax_1_1,
 PeaceableQueens.UpperBound.Generated.Finite.Q052.certificate_accepted._native.native_decide.ax_1_1,
 PeaceableQueens.UpperBound.Generated.Finite.Q053.certificate_accepted._native.native_decide.ax_1_1,
 PeaceableQueens.UpperBound.Generated.Finite.Q054.certificate_accepted._native.native_decide.ax_1_1,
 PeaceableQueens.UpperBound.Generated.Finite.Q055.certificate_accepted._native.native_decide.ax_1_1,
 PeaceableQueens.UpperBound.Generated.Finite.Q056.certificate_accepted._native.native_decide.ax_1_1,
 PeaceableQueens.UpperBound.Generated.Finite.Q057.certificate_accepted._native.native_decide.ax_1_1,
 PeaceableQueens.UpperBound.Generated.Finite.Q058.certificate_accepted._native.native_decide.ax_1_1,
 PeaceableQueens.UpperBound.Generated.Finite.Q059.certificate_accepted._native.native_decide.ax_1_1,
 PeaceableQueens.UpperBound.Generated.Finite.Q060.certificate_accepted._native.native_decide.ax_1_1,
 PeaceableQueens.UpperBound.Generated.Finite.Q061.certificate_accepted._native.native_decide.ax_1_1,
 PeaceableQueens.UpperBound.Generated.Finite.Q062.certificate_accepted._native.native_decide.ax_1_1,
 PeaceableQueens.UpperBound.Generated.Finite.Q063.certificate_accepted._native.native_decide.ax_1_1,
 PeaceableQueens.UpperBound.Generated.Finite.Q064.certificate_accepted._native.native_decide.ax_1_1,
 PeaceableQueens.UpperBound.Generated.Finite.Q065.certificate_accepted._native.native_decide.ax_1_1,
 PeaceableQueens.UpperBound.Generated.Finite.Q066.certificate_accepted._native.native_decide.ax_1_1,
 PeaceableQueens.UpperBound.Generated.Finite.Q067.certificate_accepted._native.native_decide.ax_1_1,
 PeaceableQueens.UpperBound.Generated.Finite.Q068.certificate_accepted._native.native_decide.ax_1_1,
 PeaceableQueens.UpperBound.Generated.Finite.Q069.certificate_accepted._native.native_decide.ax_1_1,
 PeaceableQueens.UpperBound.Generated.Finite.Q070.certificate_accepted._native.native_decide.ax_1_1,
 PeaceableQueens.UpperBound.Generated.Finite.Q071.certificate_accepted._native.native_decide.ax_1_1,
 PeaceableQueens.UpperBound.Generated.Finite.Q072.certificate_accepted._native.native_decide.ax_1_1,
 PeaceableQueens.UpperBound.Generated.Finite.Q073.certificate_accepted._native.native_decide.ax_1_1,
 PeaceableQueens.UpperBound.Generated.Finite.Q074.certificate_accepted._native.native_decide.ax_1_1,
 PeaceableQueens.UpperBound.Generated.Finite.Q075.certificate_accepted._native.native_decide.ax_1_1,
 PeaceableQueens.UpperBound.Generated.Finite.Q076.certificate_accepted._native.native_decide.ax_1_1,
 PeaceableQueens.UpperBound.Generated.Finite.Q077.certificate_accepted._native.native_decide.ax_1_1,
 PeaceableQueens.UpperBound.Generated.Finite.Q078.certificate_accepted._native.native_decide.ax_1_1,
 PeaceableQueens.UpperBound.Generated.Finite.Q079.certificate_accepted._native.native_decide.ax_1_1,
 PeaceableQueens.UpperBound.Generated.Finite.Q080.certificate_accepted._native.native_decide.ax_1_1,
 PeaceableQueens.UpperBound.Generated.Finite.Q081.certificate_accepted._native.native_decide.ax_1_1,
 PeaceableQueens.UpperBound.Generated.Finite.Q082.certificate_accepted._native.native_decide.ax_1_1,
 PeaceableQueens.UpperBound.Generated.Finite.Q083.certificate_accepted._native.native_decide.ax_1_1,
 PeaceableQueens.UpperBound.Generated.Finite.Q084.certificate_accepted._native.native_decide.ax_1_1,
 PeaceableQueens.UpperBound.Generated.Finite.Q085.certificate_accepted._native.native_decide.ax_1_1,
 PeaceableQueens.UpperBound.Generated.Finite.Q086.certificate_accepted._native.native_decide.ax_1_1,
 PeaceableQueens.UpperBound.Generated.Finite.Q087.certificate_accepted._native.native_decide.ax_1_1,
 PeaceableQueens.UpperBound.Generated.Finite.Q088.certificate_accepted._native.native_decide.ax_1_1,
 PeaceableQueens.UpperBound.Generated.Finite.Q089.certificate_accepted._native.native_decide.ax_1_1,
 PeaceableQueens.UpperBound.Generated.Finite.Q090.certificate_accepted._native.native_decide.ax_1_1,
 PeaceableQueens.UpperBound.Generated.Finite.Q091.certificate_accepted._native.native_decide.ax_1_1,
 PeaceableQueens.UpperBound.Generated.Finite.Q092.certificate_accepted._native.native_decide.ax_1_1,
 PeaceableQueens.UpperBound.Generated.Finite.Q093.certificate_accepted._native.native_decide.ax_1_1,
 PeaceableQueens.UpperBound.Generated.Finite.Q094.certificate_accepted._native.native_decide.ax_1_1,
 PeaceableQueens.UpperBound.Generated.Finite.Q095.certificate_accepted._native.native_decide.ax_1_1,
 PeaceableQueens.UpperBound.Generated.Finite.Q096.certificate_accepted._native.native_decide.ax_1_1,
 PeaceableQueens.UpperBound.Generated.Finite.Q097.certificate_accepted._native.native_decide.ax_1_1,
 PeaceableQueens.UpperBound.Generated.Finite.Q098.certificate_accepted._native.native_decide.ax_1_1,
 PeaceableQueens.UpperBound.Generated.Finite.Q099.certificate_accepted._native.native_decide.ax_1_1,
 PeaceableQueens.UpperBound.Generated.Finite.Q100.certificate_accepted._native.native_decide.ax_1_1,
 PeaceableQueens.UpperBound.Generated.Finite.Q101.certificate_accepted._native.native_decide.ax_1_1,
 PeaceableQueens.UpperBound.Generated.Finite.Q102.certificate_accepted._native.native_decide.ax_1_1,
 PeaceableQueens.UpperBound.Generated.Finite.Q103.certificate_accepted._native.native_decide.ax_1_1,
 PeaceableQueens.UpperBound.Generated.Finite.Q104.certificate_accepted._native.native_decide.ax_1_1,
 PeaceableQueens.UpperBound.Generated.Finite.Q105.certificate_accepted._native.native_decide.ax_1_1,
 PeaceableQueens.UpperBound.Generated.Finite.Q106.certificate_accepted._native.native_decide.ax_1_1,
 PeaceableQueens.UpperBound.Generated.Finite.Q107.certificate_accepted._native.native_decide.ax_1_1,
 PeaceableQueens.UpperBound.Generated.Finite.Q108.certificate_accepted._native.native_decide.ax_1_1,
 PeaceableQueens.UpperBound.Generated.Finite.Q109.certificate_accepted._native.native_decide.ax_1_1,
 PeaceableQueens.UpperBound.Generated.Finite.Q110.certificate_accepted._native.native_decide.ax_1_1,
 PeaceableQueens.UpperBound.Generated.Finite.Q111.certificate_accepted._native.native_decide.ax_1_1,
 PeaceableQueens.UpperBound.Generated.Finite.Q112.certificate_accepted._native.native_decide.ax_1_1,
 PeaceableQueens.UpperBound.Generated.Finite.Q113.certificate_accepted._native.native_decide.ax_1_1,
 PeaceableQueens.UpperBound.Generated.Finite.Q114.certificate_accepted._native.native_decide.ax_1_1,
 PeaceableQueens.UpperBound.Generated.Finite.Q115.certificate_accepted._native.native_decide.ax_1_1,
 PeaceableQueens.UpperBound.Generated.Finite.Q116.certificate_accepted._native.native_decide.ax_1_1,
 PeaceableQueens.UpperBound.Generated.Finite.Q117.certificate_accepted._native.native_decide.ax_1_1,
 PeaceableQueens.UpperBound.Generated.Finite.Q118.certificate_accepted._native.native_decide.ax_1_1,
 PeaceableQueens.UpperBound.Generated.Finite.Q119.certificate_accepted._native.native_decide.ax_1_1,
 PeaceableQueens.UpperBound.Generated.Finite.Q120.certificate_accepted._native.native_decide.ax_1_1,
 PeaceableQueens.UpperBound.Generated.Finite.Q121.certificate_accepted._native.native_decide.ax_1_1,
 PeaceableQueens.UpperBound.Generated.Finite.Q122.certificate_accepted._native.native_decide.ax_1_1,
 PeaceableQueens.UpperBound.Generated.Finite.Q123.certificate_accepted._native.native_decide.ax_1_1,
 PeaceableQueens.UpperBound.Generated.Finite.Q124.certificate_accepted._native.native_decide.ax_1_1,
 PeaceableQueens.UpperBound.Generated.Finite.Q125.certificate_accepted._native.native_decide.ax_1_1,
 PeaceableQueens.UpperBound.Generated.Finite.Q126.certificate_accepted._native.native_decide.ax_1_1,
 PeaceableQueens.UpperBound.Generated.Finite.Q127.certificate_accepted._native.native_decide.ax_1_1,
 PeaceableQueens.UpperBound.Generated.Finite.Q128.certificate_accepted._native.native_decide.ax_1_1,
 PeaceableQueens.UpperBound.Generated.Finite.Q129.certificate_accepted._native.native_decide.ax_1_1]
MEMORY_LIMIT_OK peak_rss_kib=3997728 limit_kib=12582912
